*** EVALUATION ***
PROGRAM "Wisemay_CoolingFan_2.0.elf"

*********************************************************************************************
TARGET SECTION
---------------------------------------------------------------------------------------------
Processor   : Freescale S12Z
Memory Model: SMALL
File Format : ELF\DWARF 2.0
Linker      : SmartLinker V-5.0.53 Build 17241, Aug 30 2017

*********************************************************************************************
FILE SECTION
---------------------------------------------------------------------------------------------
AddFunction_c.obj                       Model: SMALL,         Lang: ANSI-C,        Compiler Version: C/C++ Compiler for S12/L-ISA v-5.0.43 build 17241
actuate_s12zvm_c.obj                    Model: SMALL,         Lang: ANSI-C,        Compiler Version: C/C++ Compiler for S12/L-ISA v-5.0.43 build 17241
meas_s12zvm_c.obj                       Model: SMALL,         Lang: ANSI-C,        Compiler Version: C/C++ Compiler for S12/L-ISA v-5.0.43 build 17241
state_machine_c.obj                     Model: SMALL,         Lang: ANSI-C,        Compiler Version: C/C++ Compiler for S12/L-ISA v-5.0.43 build 17241
vector_c.obj                            Model: SMALL,         Lang: ANSI-C,        Compiler Version: C/C++ Compiler for S12/L-ISA v-5.0.43 build 17241
mc9s12zvml32_c.obj                      Model: SMALL,         Lang: ANSI-C,        Compiler Version: C/C++ Compiler for S12/L-ISA v-5.0.43 build 17241
startup_c.obj                           Model: SMALL,         Lang: ANSI-C,        Compiler Version: C/C++ Compiler for S12/L-ISA v-5.0.43 build 17241
adc_c.obj                               Model: SMALL,         Lang: ANSI-C,        Compiler Version: C/C++ Compiler for S12/L-ISA v-5.0.43 build 17241
cpmu_c.obj                              Model: SMALL,         Lang: ANSI-C,        Compiler Version: C/C++ Compiler for S12/L-ISA v-5.0.43 build 17241
gdu_c.obj                               Model: SMALL,         Lang: ANSI-C,        Compiler Version: C/C++ Compiler for S12/L-ISA v-5.0.43 build 17241
pim_c.obj                               Model: SMALL,         Lang: ANSI-C,        Compiler Version: C/C++ Compiler for S12/L-ISA v-5.0.43 build 17241
pmf_c.obj                               Model: SMALL,         Lang: ANSI-C,        Compiler Version: C/C++ Compiler for S12/L-ISA v-5.0.43 build 17241
ptu_c.obj                               Model: SMALL,         Lang: ANSI-C,        Compiler Version: C/C++ Compiler for S12/L-ISA v-5.0.43 build 17241
sci_c.obj                               Model: SMALL,         Lang: ANSI-C,        Compiler Version: C/C++ Compiler for S12/L-ISA v-5.0.43 build 17241
freemaster_appcmd_c.obj                 Model: SMALL,         Lang: ANSI-C,        Compiler Version: C/C++ Compiler for S12/L-ISA v-5.0.43 build 17241
freemaster_protocol_c.obj               Model: SMALL,         Lang: ANSI-C,        Compiler Version: C/C++ Compiler for S12/L-ISA v-5.0.43 build 17241
freemaster_rec_c.obj                    Model: SMALL,         Lang: ANSI-C,        Compiler Version: C/C++ Compiler for S12/L-ISA v-5.0.43 build 17241
freemaster_scope_c.obj                  Model: SMALL,         Lang: ANSI-C,        Compiler Version: C/C++ Compiler for S12/L-ISA v-5.0.43 build 17241
freemaster_serial_c.obj                 Model: SMALL,         Lang: ANSI-C,        Compiler Version: C/C++ Compiler for S12/L-ISA v-5.0.43 build 17241
freemaster_HC12_c.obj                   Model: SMALL,         Lang: ANSI-C,        Compiler Version: C/C++ Compiler for S12/L-ISA v-5.0.43 build 17241
Wisemay_CoolingFan_V2_0_c.obj           Model: SMALL,         Lang: ANSI-C,        Compiler Version: C/C++ Compiler for S12/L-ISA v-5.0.43 build 17241
AMCLIB_BemfObsrvDQ_cUC.o (MC9S12ZVM_AMMCLIB.UC.a)Model: SMALL,         Lang: ANSI-C,        Compiler Version: C/C++ Compiler for S12/L-ISA v-5.0.39 build 15062
AMCLIB_TrackObsrv_cUC.o (MC9S12ZVM_AMMCLIB.UC.a)Model: SMALL,         Lang: ANSI-C,        Compiler Version: C/C++ Compiler for S12/L-ISA v-5.0.39 build 15062
GDFLIB_FilterIIR1_cUC.o (MC9S12ZVM_AMMCLIB.UC.a)Model: SMALL,         Lang: ANSI-C,        Compiler Version: C/C++ Compiler for S12/L-ISA v-5.0.39 build 15062
GDFLIB_FilterMA_cUC.o (MC9S12ZVM_AMMCLIB.UC.a)Model: SMALL,         Lang: ANSI-C,        Compiler Version: C/C++ Compiler for S12/L-ISA v-5.0.39 build 15062
GFLIB_Atan_cUC.o (MC9S12ZVM_AMMCLIB.UC.a)Model: SMALL,         Lang: ANSI-C,        Compiler Version: C/C++ Compiler for S12/L-ISA v-5.0.39 build 15062
GFLIB_ControllerPIpAW_cUC.o (MC9S12ZVM_AMMCLIB.UC.a)Model: SMALL,         Lang: ANSI-C,        Compiler Version: C/C++ Compiler for S12/L-ISA v-5.0.39 build 15062
GFLIB_ControllerPIrAW_cUC.o (MC9S12ZVM_AMMCLIB.UC.a)Model: SMALL,         Lang: ANSI-C,        Compiler Version: C/C++ Compiler for S12/L-ISA v-5.0.39 build 15062
GFLIB_Cos_cUC.o (MC9S12ZVM_AMMCLIB.UC.a)Model: SMALL,         Lang: ANSI-C,        Compiler Version: C/C++ Compiler for S12/L-ISA v-5.0.39 build 15062
GFLIB_IntegratorTR_cUC.o (MC9S12ZVM_AMMCLIB.UC.a)Model: SMALL,         Lang: ANSI-C,        Compiler Version: C/C++ Compiler for S12/L-ISA v-5.0.39 build 15062
GFLIB_Limit_cUC.o (MC9S12ZVM_AMMCLIB.UC.a)Model: SMALL,         Lang: ANSI-C,        Compiler Version: C/C++ Compiler for S12/L-ISA v-5.0.39 build 15062
GFLIB_Ramp_cUC.o (MC9S12ZVM_AMMCLIB.UC.a)Model: SMALL,         Lang: ANSI-C,        Compiler Version: C/C++ Compiler for S12/L-ISA v-5.0.39 build 15062
GFLIB_SinCos_cUC.o (MC9S12ZVM_AMMCLIB.UC.a)Model: SMALL,         Lang: ANSI-C,        Compiler Version: C/C++ Compiler for S12/L-ISA v-5.0.39 build 15062
GFLIB_Sin_cUC.o (MC9S12ZVM_AMMCLIB.UC.a)Model: SMALL,         Lang: ANSI-C,        Compiler Version: C/C++ Compiler for S12/L-ISA v-5.0.39 build 15062
GFLIB_Sqrt_cUC.o (MC9S12ZVM_AMMCLIB.UC.a)Model: SMALL,         Lang: ANSI-C,        Compiler Version: C/C++ Compiler for S12/L-ISA v-5.0.39 build 15062
GMCLIB_Clark_cUC.o (MC9S12ZVM_AMMCLIB.UC.a)Model: SMALL,         Lang: ANSI-C,        Compiler Version: C/C++ Compiler for S12/L-ISA v-5.0.39 build 15062
GMCLIB_ElimDcBusRip_cUC.o (MC9S12ZVM_AMMCLIB.UC.a)Model: SMALL,         Lang: ANSI-C,        Compiler Version: C/C++ Compiler for S12/L-ISA v-5.0.39 build 15062
GMCLIB_ParkInv_cUC.o (MC9S12ZVM_AMMCLIB.UC.a)Model: SMALL,         Lang: ANSI-C,        Compiler Version: C/C++ Compiler for S12/L-ISA v-5.0.39 build 15062
GMCLIB_Park_cUC.o (MC9S12ZVM_AMMCLIB.UC.a)Model: SMALL,         Lang: ANSI-C,        Compiler Version: C/C++ Compiler for S12/L-ISA v-5.0.39 build 15062
GMCLIB_SvmStd_cUC.o (MC9S12ZVM_AMMCLIB.UC.a)Model: SMALL,         Lang: ANSI-C,        Compiler Version: C/C++ Compiler for S12/L-ISA v-5.0.39 build 15062

*********************************************************************************************
STARTUP SECTION
---------------------------------------------------------------------------------------------
Entry point: 0xFF802E (_Startup)
_startupData is allocated at 0xFF803E and uses 20 Bytes
extern struct _tagStartup {
  unsigned nofZeroOut     1
  _Range   pZeroOut       0x1500     2660
  _Copy    *toCopyDownBeg 0xFFB5D5
  int      nofInitBodies  0
  _Cpp     *initBodies    0xFF8059
  int      nofFiniBodies  0
  _Cpp     *finiBodies    0xFF8059
} _startupData;

*********************************************************************************************
SECTION-ALLOCATION SECTION
Section Name                    Size  Type     From       To       Segment
---------------------------------------------------------------------------------------------
.init                             62     R   0xFF8000   0xFF803D   ROM
.startData                        27     R   0xFF803E   0xFF8058   ROM
.rodata                           72     R   0xFF805C   0xFF80A3   ROM
.text                          13617     R   0xFF80A4   0xFFB5D4   ROM
.copy                            657     R   0xFFB5D5   0xFFB865   ROM
.stack                          1280   R/W     0x1000     0x14FF   RAM
ptuTrigE                          40   R/W     0x1500     0x1527   RAM
adcLists                         128   R/W     0x1528     0x15A7   RAM
.data                            532   R/W     0x15A8     0x17BB   RAM
vector                           496     R   0xFFFE10   0xFFFFFF   OSVECTORS
.__absdata_ADC1RBP__               3   N/I      0x661      0x663   .absSeg0
.__absdata_ADC1CBP__               3   N/I      0x65D      0x65F   .absSeg1
.__absdata_ADC0RBP__               3   N/I      0x621      0x623   .absSeg2
.__absdata_ADC0CBP__               3   N/I      0x61D      0x61F   .absSeg3
.__absdata_PTUPTR__                3   N/I      0x591      0x593   .absSeg4
.__absdata_ECCDPTR__               3   N/I      0x3C7      0x3C9   .absSeg5
.__absdata_DBGDA__                 3   N/I      0x145      0x147   .absSeg6
.__absdata_DBGCA__                 3   N/I      0x135      0x137   .absSeg7
.__absdata_DBGBA__                 3   N/I      0x125      0x127   .absSeg8
.__absdata_DBGAA__                 3   N/I      0x115      0x117   .absSeg9
.__absdata_MMCPC__                 3   N/I       0x85       0x87   .absSeg10
.__absdata__ADC1CMD__              4   N/I      0x654      0x657   .absSeg11
.__absdata__ADC0CMD__              4   N/I      0x614      0x617   .absSeg12
.__absdata__PARTID__               4   N/I        0x0        0x3   .absSeg13
.__absdata__CAN0TXTSR__            2   N/I      0x83E      0x83F   .absSeg14
.__absdata__CAN0RXTSR__            2   N/I      0x82E      0x82F   .absSeg15
.__absdata__SPI0DR__               2   N/I      0x784      0x785   .absSeg16
.__absdata__SCI1BD__               2   N/I      0x710      0x711   .absSeg17
.__absdata__SCI0BD__               2   N/I      0x700      0x701   .absSeg18
.__absdata__CPMUIRCTRIM__          2   N/I      0x6D8      0x6D9   .absSeg19
.__absdata__CPMUAPIR__             2   N/I      0x6D4      0x6D5   .absSeg20
.__absdata__ADC1IMDRI__            2   N/I      0x64E      0x64F   .absSeg21
.__absdata__ADC1CONIF__            2   N/I      0x64C      0x64D   .absSeg22
.__absdata__ADC1CONIE__            2   N/I      0x64A      0x64B   .absSeg23
.__absdata__ADC1CTL__              2   N/I      0x640      0x641   .absSeg24
.__absdata__ADC0IMDRI__            2   N/I      0x60E      0x60F   .absSeg25
.__absdata__ADC0CONIF__            2   N/I      0x60C      0x60D   .absSeg26
.__absdata__ADC0CONIE__            2   N/I      0x60A      0x60B   .absSeg27
.__absdata__ADC0CTL__              2   N/I      0x600      0x601   .absSeg28
.__absdata__TIM0TC3__              2   N/I      0x5D6      0x5D7   .absSeg29
.__absdata__TIM0TC2__              2   N/I      0x5D4      0x5D5   .absSeg30
.__absdata__TIM0TC1__              2   N/I      0x5D2      0x5D3   .absSeg31
.__absdata__TIM0TC0__              2   N/I      0x5D0      0x5D1   .absSeg32
.__absdata__TIM0TCNT__             2   N/I      0x5C4      0x5C5   .absSeg33
.__absdata__PMFDTMC__              2   N/I      0x536      0x537   .absSeg34
.__absdata__PMFMODC__              2   N/I      0x534      0x535   .absSeg35
.__absdata__PMFCNTC__              2   N/I      0x532      0x533   .absSeg36
.__absdata__PMFDTMB__              2   N/I      0x52E      0x52F   .absSeg37
.__absdata__PMFMODB__              2   N/I      0x52C      0x52D   .absSeg38
.__absdata__PMFCNTB__              2   N/I      0x52A      0x52B   .absSeg39
.__absdata__PMFDTMA__              2   N/I      0x526      0x527   .absSeg40
.__absdata__PMFMODA__              2   N/I      0x524      0x525   .absSeg41
.__absdata__PMFCNTA__              2   N/I      0x522      0x523   .absSeg42
.__absdata__PMFVAL5__              2   N/I      0x51A      0x51B   .absSeg43
.__absdata__PMFVAL4__              2   N/I      0x518      0x519   .absSeg44
.__absdata__PMFVAL3__              2   N/I      0x516      0x517   .absSeg45
.__absdata__PMFVAL2__              2   N/I      0x514      0x515   .absSeg46
.__absdata__PMFVAL1__              2   N/I      0x512      0x513   .absSeg47
.__absdata__PMFVAL0__              2   N/I      0x510      0x511   .absSeg48
.__absdata__ECCDD__                2   N/I      0x3CC      0x3CD   .absSeg49
.__absdata__FCCOB5__               2   N/I      0x396      0x397   .absSeg50
.__absdata__FCCOB4__               2   N/I      0x394      0x395   .absSeg51
.__absdata__FCCOB3__               2   N/I      0x392      0x393   .absSeg52
.__absdata__FCCOB2__               2   N/I      0x390      0x391   .absSeg53
.__absdata__FCCOB1__               2   N/I      0x38E      0x38F   .absSeg54
.__absdata__FCCOB0__               2   N/I      0x38C      0x38D   .absSeg55
.__absdata__DIENAD__               2   N/I      0x298      0x299   .absSeg56
.__absdata__PIFAD__                2   N/I      0x28E      0x28F   .absSeg57
.__absdata__PIEAD__                2   N/I      0x28C      0x28D   .absSeg58
.__absdata__PPSAD__                2   N/I      0x288      0x289   .absSeg59
.__absdata__PERAD__                2   N/I      0x286      0x287   .absSeg60
.__absdata__DDRAD__                2   N/I      0x284      0x285   .absSeg61
.__absdata__PTIAD__                2   N/I      0x282      0x283   .absSeg62
.__absdata__PTAD__                 2   N/I      0x280      0x281   .absSeg63
.__absdata__DBGTB__                2   N/I      0x104      0x105   .absSeg64
.__absdata__MMCCCR__               2   N/I       0x82       0x83   .absSeg65
.__absdata__MMCEC__                2   N/I       0x80       0x81   .absSeg66
.__absdata__IVBR__                 2   N/I       0x10       0x11   .absSeg67
.__absdata__LP0IF__                1   N/I      0x987      0x987   .absSeg68
.__absdata__LP0IE__                1   N/I      0x986      0x986   .absSeg69
.__absdata__LP0SR__                1   N/I      0x985      0x985   .absSeg70
.__absdata__LP0SLRM__              1   N/I      0x983      0x983   .absSeg71
.__absdata__LP0CR__                1   N/I      0x981      0x981   .absSeg72
.__absdata__LP0DR__                1   N/I      0x980      0x980   .absSeg73
.__absdata__CAN0TXTBPR__           1   N/I      0x83D      0x83D   .absSeg74
.__absdata__CAN0TXDLR__            1   N/I      0x83C      0x83C   .absSeg75
.__absdata__CAN0TXDSR7__           1   N/I      0x83B      0x83B   .absSeg76
.__absdata__CAN0TXDSR6__           1   N/I      0x83A      0x83A   .absSeg77
.__absdata__CAN0TXDSR5__           1   N/I      0x839      0x839   .absSeg78
.__absdata__CAN0TXDSR4__           1   N/I      0x838      0x838   .absSeg79
.__absdata__CAN0TXDSR3__           1   N/I      0x837      0x837   .absSeg80
.__absdata__CAN0TXDSR2__           1   N/I      0x836      0x836   .absSeg81
.__absdata__CAN0TXDSR1__           1   N/I      0x835      0x835   .absSeg82
.__absdata__CAN0TXDSR0__           1   N/I      0x834      0x834   .absSeg83
.__absdata__CAN0TXIDR3__           1   N/I      0x833      0x833   .absSeg84
.__absdata__CAN0TXIDR2__           1   N/I      0x832      0x832   .absSeg85
.__absdata__CAN0TXIDR1__           1   N/I      0x831      0x831   .absSeg86
.__absdata__CAN0TXIDR0__           1   N/I      0x830      0x830   .absSeg87
.__absdata__CAN0RXDLR__            1   N/I      0x82C      0x82C   .absSeg88
.__absdata__CAN0RXDSR7__           1   N/I      0x82B      0x82B   .absSeg89
.__absdata__CAN0RXDSR6__           1   N/I      0x82A      0x82A   .absSeg90
.__absdata__CAN0RXDSR5__           1   N/I      0x829      0x829   .absSeg91
.__absdata__CAN0RXDSR4__           1   N/I      0x828      0x828   .absSeg92
.__absdata__CAN0RXDSR3__           1   N/I      0x827      0x827   .absSeg93
.__absdata__CAN0RXDSR2__           1   N/I      0x826      0x826   .absSeg94
.__absdata__CAN0RXDSR1__           1   N/I      0x825      0x825   .absSeg95
.__absdata__CAN0RXDSR0__           1   N/I      0x824      0x824   .absSeg96
.__absdata__CAN0RXIDR3__           1   N/I      0x823      0x823   .absSeg97
.__absdata__CAN0RXIDR2__           1   N/I      0x822      0x822   .absSeg98
.__absdata__CAN0RXIDR1__           1   N/I      0x821      0x821   .absSeg99
.__absdata__CAN0RXIDR0__           1   N/I      0x820      0x820   .absSeg100
.__absdata__CAN0IDMR7__            1   N/I      0x81F      0x81F   .absSeg101
.__absdata__CAN0IDMR6__            1   N/I      0x81E      0x81E   .absSeg102
.__absdata__CAN0IDMR5__            1   N/I      0x81D      0x81D   .absSeg103
.__absdata__CAN0IDMR4__            1   N/I      0x81C      0x81C   .absSeg104
.__absdata__CAN0IDAR7__            1   N/I      0x81B      0x81B   .absSeg105
.__absdata__CAN0IDAR6__            1   N/I      0x81A      0x81A   .absSeg106
.__absdata__CAN0IDAR5__            1   N/I      0x819      0x819   .absSeg107
.__absdata__CAN0IDAR4__            1   N/I      0x818      0x818   .absSeg108
.__absdata__CAN0IDMR3__            1   N/I      0x817      0x817   .absSeg109
.__absdata__CAN0IDMR2__            1   N/I      0x816      0x816   .absSeg110
.__absdata__CAN0IDMR1__            1   N/I      0x815      0x815   .absSeg111
.__absdata__CAN0IDMR0__            1   N/I      0x814      0x814   .absSeg112
.__absdata__CAN0IDAR3__            1   N/I      0x813      0x813   .absSeg113
.__absdata__CAN0IDAR2__            1   N/I      0x812      0x812   .absSeg114
.__absdata__CAN0IDAR1__            1   N/I      0x811      0x811   .absSeg115
.__absdata__CAN0IDAR0__            1   N/I      0x810      0x810   .absSeg116
.__absdata__CAN0TXERR__            1   N/I      0x80F      0x80F   .absSeg117
.__absdata__CAN0RXERR__            1   N/I      0x80E      0x80E   .absSeg118
.__absdata__CAN0MISC__             1   N/I      0x80D      0x80D   .absSeg119
.__absdata__CAN0IDAC__             1   N/I      0x80B      0x80B   .absSeg120
.__absdata__CAN0TBSEL__            1   N/I      0x80A      0x80A   .absSeg121
.__absdata__CAN0TAAK__             1   N/I      0x809      0x809   .absSeg122
.__absdata__CAN0TARQ__             1   N/I      0x808      0x808   .absSeg123
.__absdata__CAN0TIER__             1   N/I      0x807      0x807   .absSeg124
.__absdata__CAN0TFLG__             1   N/I      0x806      0x806   .absSeg125
.__absdata__CAN0RIER__             1   N/I      0x805      0x805   .absSeg126
.__absdata__CAN0RFLG__             1   N/I      0x804      0x804   .absSeg127
.__absdata__CAN0BTR1__             1   N/I      0x803      0x803   .absSeg128
.__absdata__CAN0BTR0__             1   N/I      0x802      0x802   .absSeg129
.__absdata__CAN0CTL1__             1   N/I      0x801      0x801   .absSeg130
.__absdata__CAN0CTL0__             1   N/I      0x800      0x800   .absSeg131
.__absdata__SPI0SR__               1   N/I      0x783      0x783   .absSeg132
.__absdata__SPI0BR__               1   N/I      0x782      0x782   .absSeg133
.__absdata__SPI0CR2__              1   N/I      0x781      0x781   .absSeg134
.__absdata__SPI0CR1__              1   N/I      0x780      0x780   .absSeg135
.__absdata__SCI1DRL__              1   N/I      0x717      0x717   .absSeg136
.__absdata__SCI1DRH__              1   N/I      0x716      0x716   .absSeg137
.__absdata__SCI1SR2__              1   N/I      0x715      0x715   .absSeg138
.__absdata__SCI1SR1__              1   N/I      0x714      0x714   .absSeg139
.__absdata__SCI1CR2__              1   N/I      0x713      0x713   .absSeg140
.__absdata__SCI1ACR2__             1   N/I      0x712      0x712   .absSeg141
.__absdata__SCI0DRL__              1   N/I      0x707      0x707   .absSeg142
.__absdata__SCI0DRH__              1   N/I      0x706      0x706   .absSeg143
.__absdata__SCI0SR2__              1   N/I      0x705      0x705   .absSeg144
.__absdata__SCI0SR1__              1   N/I      0x704      0x704   .absSeg145
.__absdata__SCI0CR2__              1   N/I      0x703      0x703   .absSeg146
.__absdata__SCI0ACR2__             1   N/I      0x702      0x702   .absSeg147
.__absdata__BATIF__                1   N/I      0x6F3      0x6F3   .absSeg148
.__absdata__BATIE__                1   N/I      0x6F2      0x6F2   .absSeg149
.__absdata__BATSR__                1   N/I      0x6F1      0x6F1   .absSeg150
.__absdata__BATE__                 1   N/I      0x6F0      0x6F0   .absSeg151
.__absdata__CPMUOSC2__             1   N/I      0x6DE      0x6DE   .absSeg152
.__absdata__CPMUVREGCTL__          1   N/I      0x6DD      0x6DD   .absSeg153
.__absdata__CPMUPROT__             1   N/I      0x6DB      0x6DB   .absSeg154
.__absdata__CPMUOSC__              1   N/I      0x6DA      0x6DA   .absSeg155
.__absdata__CPMUHTTR__             1   N/I      0x6D7      0x6D7   .absSeg156
.__absdata__CPMUACLKTR__           1   N/I      0x6D3      0x6D3   .absSeg157
.__absdata__CPMUAPICTL__           1   N/I      0x6D2      0x6D2   .absSeg158
.__absdata__CPMULVCTL__            1   N/I      0x6D1      0x6D1   .absSeg159
.__absdata__CPMUHTCTL__            1   N/I      0x6D0      0x6D0   .absSeg160
.__absdata__CPMUARMCOP__           1   N/I      0x6CF      0x6CF   .absSeg161
.__absdata__CPMUCOP__              1   N/I      0x6CC      0x6CC   .absSeg162
.__absdata__CPMURTI__              1   N/I      0x6CB      0x6CB   .absSeg163
.__absdata__CPMUPLL__              1   N/I      0x6CA      0x6CA   .absSeg164
.__absdata__CPMUCLKS__             1   N/I      0x6C9      0x6C9   .absSeg165
.__absdata__CPMUINT__              1   N/I      0x6C8      0x6C8   .absSeg166
.__absdata__CPMUIFLG__             1   N/I      0x6C7      0x6C7   .absSeg167
.__absdata__CPMUPOSTDIV__          1   N/I      0x6C6      0x6C6   .absSeg168
.__absdata__CPMUREFDIV__           1   N/I      0x6C5      0x6C5   .absSeg169
.__absdata__CPMUSYNR__             1   N/I      0x6C4      0x6C4   .absSeg170
.__absdata__CPMURFLG__             1   N/I      0x6C3      0x6C3   .absSeg171
.__absdata__GDUCTR1__              1   N/I      0x6B0      0x6B0   .absSeg172
.__absdata__GDUOC1__               1   N/I      0x6AF      0x6AF   .absSeg173
.__absdata__GDUOC0__               1   N/I      0x6AE      0x6AE   .absSeg174
.__absdata__GDUCLK2__              1   N/I      0x6AD      0x6AD   .absSeg175
.__absdata__GDUPHL__               1   N/I      0x6AC      0x6AC   .absSeg176
.__absdata__GDUDSLVL__             1   N/I      0x6AB      0x6AB   .absSeg177
.__absdata__GDUCSO__               1   N/I      0x6AA      0x6AA   .absSeg178
.__absdata__GDUPHMUX__             1   N/I      0x6A9      0x6A9   .absSeg179
.__absdata__GDUBCL__               1   N/I      0x6A8      0x6A8   .absSeg180
.__absdata__GDUCLK1__              1   N/I      0x6A7      0x6A7   .absSeg181
.__absdata__GDUF__                 1   N/I      0x6A6      0x6A6   .absSeg182
.__absdata__GDUSRC__               1   N/I      0x6A5      0x6A5   .absSeg183
.__absdata__GDUSTAT__              1   N/I      0x6A4      0x6A4   .absSeg184
.__absdata__GDUDSE__               1   N/I      0x6A3      0x6A3   .absSeg185
.__absdata__GDUIE__                1   N/I      0x6A2      0x6A2   .absSeg186
.__absdata__GDUCTR__               1   N/I      0x6A1      0x6A1   .absSeg187
.__absdata__GDUE__                 1   N/I      0x6A0      0x6A0   .absSeg188
.__absdata__ADC1CROFF1__           1   N/I      0x665      0x665   .absSeg189
.__absdata__ADC1CROFF0__           1   N/I      0x664      0x664   .absSeg190
.__absdata__ADC1RBP_2__            1   N/I      0x663      0x663   .absSeg191
.__absdata__ADC1RBP_1__            1   N/I      0x662      0x662   .absSeg192
.__absdata__ADC1RBP_0__            1   N/I      0x661      0x661   .absSeg193
.__absdata__ADC1RIDX__             1   N/I      0x660      0x660   .absSeg194
.__absdata__ADC1CBP_2__            1   N/I      0x65F      0x65F   .absSeg195
.__absdata__ADC1CBP_1__            1   N/I      0x65E      0x65E   .absSeg196
.__absdata__ADC1CBP_0__            1   N/I      0x65D      0x65D   .absSeg197
.__absdata__ADC1CIDX__             1   N/I      0x65C      0x65C   .absSeg198
.__absdata__ADC1EOLRI__            1   N/I      0x650      0x650   .absSeg199
.__absdata__ADC1IF__               1   N/I      0x649      0x649   .absSeg200
.__absdata__ADC1EIF__              1   N/I      0x648      0x648   .absSeg201
.__absdata__ADC1IE__               1   N/I      0x647      0x647   .absSeg202
.__absdata__ADC1EIE__              1   N/I      0x646      0x646   .absSeg203
.__absdata__ADC1FLWCTL__           1   N/I      0x645      0x645   .absSeg204
.__absdata__ADC1FMT__              1   N/I      0x644      0x644   .absSeg205
.__absdata__ADC1TIM__              1   N/I      0x643      0x643   .absSeg206
.__absdata__ADC1STS__              1   N/I      0x642      0x642   .absSeg207
.__absdata__ADC0CROFF1__           1   N/I      0x625      0x625   .absSeg208
.__absdata__ADC0CROFF0__           1   N/I      0x624      0x624   .absSeg209
.__absdata__ADC0RBP_2__            1   N/I      0x623      0x623   .absSeg210
.__absdata__ADC0RBP_1__            1   N/I      0x622      0x622   .absSeg211
.__absdata__ADC0RBP_0__            1   N/I      0x621      0x621   .absSeg212
.__absdata__ADC0RIDX__             1   N/I      0x620      0x620   .absSeg213
.__absdata__ADC0CBP_2__            1   N/I      0x61F      0x61F   .absSeg214
.__absdata__ADC0CBP_1__            1   N/I      0x61E      0x61E   .absSeg215
.__absdata__ADC0CBP_0__            1   N/I      0x61D      0x61D   .absSeg216
.__absdata__ADC0CIDX__             1   N/I      0x61C      0x61C   .absSeg217
.__absdata__ADC0EOLRI__            1   N/I      0x610      0x610   .absSeg218
.__absdata__ADC0IF__               1   N/I      0x609      0x609   .absSeg219
.__absdata__ADC0EIF__              1   N/I      0x608      0x608   .absSeg220
.__absdata__ADC0IE__               1   N/I      0x607      0x607   .absSeg221
.__absdata__ADC0EIE__              1   N/I      0x606      0x606   .absSeg222
.__absdata__ADC0FLWCTL__           1   N/I      0x605      0x605   .absSeg223
.__absdata__ADC0FMT__              1   N/I      0x604      0x604   .absSeg224
.__absdata__ADC0TIM__              1   N/I      0x603      0x603   .absSeg225
.__absdata__ADC0STS__              1   N/I      0x602      0x602   .absSeg226
.__absdata__TIM0PTPSR__            1   N/I      0x5EE      0x5EE   .absSeg227
.__absdata__TIM0OCPD__             1   N/I      0x5EC      0x5EC   .absSeg228
.__absdata__TIM0TFLG2__            1   N/I      0x5CF      0x5CF   .absSeg229
.__absdata__TIM0TFLG1__            1   N/I      0x5CE      0x5CE   .absSeg230
.__absdata__TIM0TSCR2__            1   N/I      0x5CD      0x5CD   .absSeg231
.__absdata__TIM0TIE__              1   N/I      0x5CC      0x5CC   .absSeg232
.__absdata__TIM0TCTL4__            1   N/I      0x5CB      0x5CB   .absSeg233
.__absdata__TIM0TCTL2__            1   N/I      0x5C9      0x5C9   .absSeg234
.__absdata__TIM0TTOV__             1   N/I      0x5C7      0x5C7   .absSeg235
.__absdata__TIM0TSCR1__            1   N/I      0x5C6      0x5C6   .absSeg236
.__absdata__TIM0CFORC__            1   N/I      0x5C1      0x5C1   .absSeg237
.__absdata__TIM0TIOS__             1   N/I      0x5C0      0x5C0   .absSeg238
.__absdata__PTUDEBUG__             1   N/I      0x59F      0x59F   .absSeg239
.__absdata__TG1L1IDX__             1   N/I      0x597      0x597   .absSeg240
.__absdata__TG1L0IDX__             1   N/I      0x596      0x596   .absSeg241
.__absdata__TG0L1IDX__             1   N/I      0x595      0x595   .absSeg242
.__absdata__TG0L0IDX__             1   N/I      0x594      0x594   .absSeg243
.__absdata__PTUPTRL__              1   N/I      0x593      0x593   .absSeg244
.__absdata__PTUPTRM__              1   N/I      0x592      0x592   .absSeg245
.__absdata__PTUPTRH__              1   N/I      0x591      0x591   .absSeg246
.__absdata__PTUCNTL__              1   N/I      0x58F      0x58F   .absSeg247
.__absdata__PTUCNTH__              1   N/I      0x58E      0x58E   .absSeg248
.__absdata__TG1TVL__               1   N/I      0x58D      0x58D   .absSeg249
.__absdata__TG1TVH__               1   N/I      0x58C      0x58C   .absSeg250
.__absdata__TG1TNUM__              1   N/I      0x58B      0x58B   .absSeg251
.__absdata__TG1LIST__              1   N/I      0x58A      0x58A   .absSeg252
.__absdata__TG0TVL__               1   N/I      0x589      0x589   .absSeg253
.__absdata__TG0TVH__               1   N/I      0x588      0x588   .absSeg254
.__absdata__TG0TNUM__              1   N/I      0x587      0x587   .absSeg255
.__absdata__TG0LIST__              1   N/I      0x586      0x586   .absSeg256
.__absdata__PTUIFL__               1   N/I      0x585      0x585   .absSeg257
.__absdata__PTUIFH__               1   N/I      0x584      0x584   .absSeg258
.__absdata__PTUIEL__               1   N/I      0x583      0x583   .absSeg259
.__absdata__PTUIEH__               1   N/I      0x582      0x582   .absSeg260
.__absdata__PTUC__                 1   N/I      0x581      0x581   .absSeg261
.__absdata__PTUE__                 1   N/I      0x580      0x580   .absSeg262
.__absdata__PMFOUTF__              1   N/I      0x53E      0x53E   .absSeg263
.__absdata__PMFDMP5__              1   N/I      0x53D      0x53D   .absSeg264
.__absdata__PMFDMP4__              1   N/I      0x53C      0x53C   .absSeg265
.__absdata__PMFDMP3__              1   N/I      0x53B      0x53B   .absSeg266
.__absdata__PMFDMP2__              1   N/I      0x53A      0x53A   .absSeg267
.__absdata__PMFDMP1__              1   N/I      0x539      0x539   .absSeg268
.__absdata__PMFDMP0__              1   N/I      0x538      0x538   .absSeg269
.__absdata__PMFFQCC__              1   N/I      0x531      0x531   .absSeg270
.__absdata__PMFENCC__              1   N/I      0x530      0x530   .absSeg271
.__absdata__PMFFQCB__              1   N/I      0x529      0x529   .absSeg272
.__absdata__PMFENCB__              1   N/I      0x528      0x528   .absSeg273
.__absdata__PMFFQCA__              1   N/I      0x521      0x521   .absSeg274
.__absdata__PMFENCA__              1   N/I      0x520      0x520   .absSeg275
.__absdata__PMFCINV__              1   N/I      0x51F      0x51F   .absSeg276
.__absdata__PMFICCTL__             1   N/I      0x51E      0x51E   .absSeg277
.__absdata__PMFROIF__              1   N/I      0x51D      0x51D   .absSeg278
.__absdata__PMFROIE__              1   N/I      0x51C      0x51C   .absSeg279
.__absdata__PMFCCTL__              1   N/I      0x50F      0x50F   .absSeg280
.__absdata__PMFDTMS__              1   N/I      0x50E      0x50E   .absSeg281
.__absdata__PMFOUTB__              1   N/I      0x50D      0x50D   .absSeg282
.__absdata__PMFOUTC__              1   N/I      0x50C      0x50C   .absSeg283
.__absdata__PMFQSMP1__             1   N/I      0x509      0x509   .absSeg284
.__absdata__PMFQSMP0__             1   N/I      0x508      0x508   .absSeg285
.__absdata__PMFFIF__               1   N/I      0x507      0x507   .absSeg286
.__absdata__PMFFIE__               1   N/I      0x506      0x506   .absSeg287
.__absdata__PMFFMOD__              1   N/I      0x505      0x505   .absSeg288
.__absdata__PMFFEN__               1   N/I      0x504      0x504   .absSeg289
.__absdata__PMFCFG3__              1   N/I      0x503      0x503   .absSeg290
.__absdata__PMFCFG2__              1   N/I      0x502      0x502   .absSeg291
.__absdata__PMFCFG1__              1   N/I      0x501      0x501   .absSeg292
.__absdata__PMFCFG0__              1   N/I      0x500      0x500   .absSeg293
.__absdata__ECCDCMD__              1   N/I      0x3CF      0x3CF   .absSeg294
.__absdata__ECCDE__                1   N/I      0x3CE      0x3CE   .absSeg295
.__absdata__ECCDPTRL__             1   N/I      0x3C9      0x3C9   .absSeg296
.__absdata__ECCDPTRM__             1   N/I      0x3C8      0x3C8   .absSeg297
.__absdata__ECCDPTRH__             1   N/I      0x3C7      0x3C7   .absSeg298
.__absdata__ECCIF__                1   N/I      0x3C2      0x3C2   .absSeg299
.__absdata__ECCIE__                1   N/I      0x3C1      0x3C1   .absSeg300
.__absdata__ECCSTAT__              1   N/I      0x3C0      0x3C0   .absSeg301
.__absdata__FOPT__                 1   N/I      0x38A      0x38A   .absSeg302
.__absdata__DFPROT__               1   N/I      0x389      0x389   .absSeg303
.__absdata__FPROT__                1   N/I      0x388      0x388   .absSeg304
.__absdata__FERSTAT__              1   N/I      0x387      0x387   .absSeg305
.__absdata__FSTAT__                1   N/I      0x386      0x386   .absSeg306
.__absdata__FERCNFG__              1   N/I      0x385      0x385   .absSeg307
.__absdata__FCNFG__                1   N/I      0x384      0x384   .absSeg308
.__absdata__FPSTAT__               1   N/I      0x383      0x383   .absSeg309
.__absdata__FCCOBIX__              1   N/I      0x382      0x382   .absSeg310
.__absdata__FSEC__                 1   N/I      0x381      0x381   .absSeg311
.__absdata__FCLKDIV__              1   N/I      0x380      0x380   .absSeg312
.__absdata__RDRP__                 1   N/I      0x2FD      0x2FD   .absSeg313
.__absdata__PIFP__                 1   N/I      0x2F7      0x2F7   .absSeg314
.__absdata__PIEP__                 1   N/I      0x2F6      0x2F6   .absSeg315
.__absdata__PPSP__                 1   N/I      0x2F4      0x2F4   .absSeg316
.__absdata__PERP__                 1   N/I      0x2F3      0x2F3   .absSeg317
.__absdata__DDRP__                 1   N/I      0x2F2      0x2F2   .absSeg318
.__absdata__PTIP__                 1   N/I      0x2F1      0x2F1   .absSeg319
.__absdata__PTP__                  1   N/I      0x2F0      0x2F0   .absSeg320
.__absdata__WOMS__                 1   N/I      0x2DF      0x2DF   .absSeg321
.__absdata__PIFS__                 1   N/I      0x2D7      0x2D7   .absSeg322
.__absdata__PIES__                 1   N/I      0x2D6      0x2D6   .absSeg323
.__absdata__PPSS__                 1   N/I      0x2D4      0x2D4   .absSeg324
.__absdata__PERS__                 1   N/I      0x2D3      0x2D3   .absSeg325
.__absdata__DDRS__                 1   N/I      0x2D2      0x2D2   .absSeg326
.__absdata__PTIS__                 1   N/I      0x2D1      0x2D1   .absSeg327
.__absdata__PTS__                  1   N/I      0x2D0      0x2D0   .absSeg328
.__absdata__PPST__                 1   N/I      0x2C4      0x2C4   .absSeg329
.__absdata__PERT__                 1   N/I      0x2C3      0x2C3   .absSeg330
.__absdata__DDRT__                 1   N/I      0x2C2      0x2C2   .absSeg331
.__absdata__PTIT__                 1   N/I      0x2C1      0x2C1   .absSeg332
.__absdata__PTT__                  1   N/I      0x2C0      0x2C0   .absSeg333
.__absdata__PPSE__                 1   N/I      0x268      0x268   .absSeg334
.__absdata__PERE__                 1   N/I      0x266      0x266   .absSeg335
.__absdata__DDRE__                 1   N/I      0x264      0x264   .absSeg336
.__absdata__PTIE__                 1   N/I      0x262      0x262   .absSeg337
.__absdata__PTE__                  1   N/I      0x260      0x260   .absSeg338
.__absdata__PIMMISC__              1   N/I      0x20A      0x20A   .absSeg339
.__absdata__IRQCR__                1   N/I      0x209      0x209   .absSeg340
.__absdata__ECLKCTL__              1   N/I      0x208      0x208   .absSeg341
.__absdata__MODRR2__               1   N/I      0x202      0x202   .absSeg342
.__absdata__MODRR1__               1   N/I      0x201      0x201   .absSeg343
.__absdata__MODRR0__               1   N/I      0x200      0x200   .absSeg344
.__absdata__DBGDAL__               1   N/I      0x147      0x147   .absSeg345
.__absdata__DBGDAM__               1   N/I      0x146      0x146   .absSeg346
.__absdata__DBGDAH__               1   N/I      0x145      0x145   .absSeg347
.__absdata__DBGDCTL__              1   N/I      0x140      0x140   .absSeg348
.__absdata__DBGCDM3__              1   N/I      0x13F      0x13F   .absSeg349
.__absdata__DBGCDM2__              1   N/I      0x13E      0x13E   .absSeg350
.__absdata__DBGCDM1__              1   N/I      0x13D      0x13D   .absSeg351
.__absdata__DBGCDM0__              1   N/I      0x13C      0x13C   .absSeg352
.__absdata__DBGCD3__               1   N/I      0x13B      0x13B   .absSeg353
.__absdata__DBGCD2__               1   N/I      0x13A      0x13A   .absSeg354
.__absdata__DBGCD1__               1   N/I      0x139      0x139   .absSeg355
.__absdata__DBGCD0__               1   N/I      0x138      0x138   .absSeg356
.__absdata__DBGCAL__               1   N/I      0x137      0x137   .absSeg357
.__absdata__DBGCAM__               1   N/I      0x136      0x136   .absSeg358
.__absdata__DBGCAH__               1   N/I      0x135      0x135   .absSeg359
.__absdata__DBGCCTL__              1   N/I      0x130      0x130   .absSeg360
.__absdata__DBGBAL__               1   N/I      0x127      0x127   .absSeg361
.__absdata__DBGBAM__               1   N/I      0x126      0x126   .absSeg362
.__absdata__DBGBAH__               1   N/I      0x125      0x125   .absSeg363
.__absdata__DBGBCTL__              1   N/I      0x120      0x120   .absSeg364
.__absdata__DBGADM3__              1   N/I      0x11F      0x11F   .absSeg365
.__absdata__DBGADM2__              1   N/I      0x11E      0x11E   .absSeg366
.__absdata__DBGADM1__              1   N/I      0x11D      0x11D   .absSeg367
.__absdata__DBGADM0__              1   N/I      0x11C      0x11C   .absSeg368
.__absdata__DBGAD3__               1   N/I      0x11B      0x11B   .absSeg369
.__absdata__DBGAD2__               1   N/I      0x11A      0x11A   .absSeg370
.__absdata__DBGAD1__               1   N/I      0x119      0x119   .absSeg371
.__absdata__DBGAD0__               1   N/I      0x118      0x118   .absSeg372
.__absdata__DBGAAL__               1   N/I      0x117      0x117   .absSeg373
.__absdata__DBGAAM__               1   N/I      0x116      0x116   .absSeg374
.__absdata__DBGAAH__               1   N/I      0x115      0x115   .absSeg375
.__absdata__DBGACTL__              1   N/I      0x110      0x110   .absSeg376
.__absdata__DBGSR__                1   N/I      0x10B      0x10B   .absSeg377
.__absdata__DBGEFR__               1   N/I      0x10A      0x10A   .absSeg378
.__absdata__DBGSCR3__              1   N/I      0x109      0x109   .absSeg379
.__absdata__DBGSCR2__              1   N/I      0x108      0x108   .absSeg380
.__absdata__DBGSCR1__              1   N/I      0x107      0x107   .absSeg381
.__absdata__DBGCNT__               1   N/I      0x106      0x106   .absSeg382
.__absdata__DBGTCRL__              1   N/I      0x103      0x103   .absSeg383
.__absdata__DBGTCRH__              1   N/I      0x102      0x102   .absSeg384
.__absdata__DBGC2__                1   N/I      0x101      0x101   .absSeg385
.__absdata__DBGC1__                1   N/I      0x100      0x100   .absSeg386
.__absdata__MMCPCL__               1   N/I       0x87       0x87   .absSeg387
.__absdata__MMCPCM__               1   N/I       0x86       0x86   .absSeg388
.__absdata__MMCPCH__               1   N/I       0x85       0x85   .absSeg389
.__absdata__MODE__                 1   N/I       0x70       0x70   .absSeg390
.__absdata__INT_CFDATA7__          1   N/I       0x1F       0x1F   .absSeg391
.__absdata__INT_CFDATA6__          1   N/I       0x1E       0x1E   .absSeg392
.__absdata__INT_CFDATA5__          1   N/I       0x1D       0x1D   .absSeg393
.__absdata__INT_CFDATA4__          1   N/I       0x1C       0x1C   .absSeg394
.__absdata__INT_CFDATA3__          1   N/I       0x1B       0x1B   .absSeg395
.__absdata__INT_CFDATA2__          1   N/I       0x1A       0x1A   .absSeg396
.__absdata__INT_CFDATA1__          1   N/I       0x19       0x19   .absSeg397
.__absdata__INT_CFDATA0__          1   N/I       0x18       0x18   .absSeg398
.__absdata__INT_CFADDR__           1   N/I       0x17       0x17   .absSeg399
.common                         1960   R/W     0x17BC     0x1F63   RAM

Summary of section sizes per section type:
READ_ONLY (R):        3A53 (dec:    14931)
READ_WRITE (R/W):      F64 (dec:     3940)
NO_INIT (N/I):         1E5 (dec:      485)

*********************************************************************************************
VECTOR-ALLOCATION SECTION
    Address     InitValue   InitFunction
---------------------------------------------------------------------------------------------

*********************************************************************************************
OBJECT-ALLOCATION SECTION
     Name               Module                 Addr   hSize   dSize     Ref    Section   RLIB
---------------------------------------------------------------------------------------------
MODULE:                 -- AddFunction_c.obj --
- PROCEDURES:
     FaultVariablesInit                      FF80A4      A8     168       1   .text       
     FaultProcess                            FF814C       8       8       7   .text       
     Fault_OverVoltage                       FF8154      AC     172       1   .text       
     Fault_Overcurrent                       FF8200      B4     180       1   .text       
     Fault_Stall                             FF82B4     1D5     469       1   .text       
     User_Fault_Detection                    FF8489      3E      62       1   .text       
- VARIABLES:
     mcEsValue                                 17BC       2       2       4   .common     
     mcSpeedFlt                                17BE       2       2       3   .common     
     mcTempDecFlt                              17C0       2       2       1   .common     
     mcDcbusFlt                                17C2       2       2       3   .common     
     segmentstate                              17C4       2       2       8   .common     
     control_flags                             17C8       A      10      47   .common     
     mcFaultDect                               17D4      70     112      51   .common     
     mcFaultSource                             1844       1       1      13   .common     
MODULE:                 -- actuate_s12zvm_c.obj --
- PROCEDURES:
     EnableOutput                            FF84C7      20      32       2   .text       
     DisableOutput                           FF84E7      21      33       5   .text       
     SetDutycycle                            FF8508     3C4     964       6   .text       
     SetPtuTriggers                          FF88CC      5B      91       1   .text       
     CalcEdges                               FF8927      C4     196       6   .text       
     SetPmfValReg                            FF89EB      68     104       1   .text       
     GetDriverError                          FF8A53       B      11       1   .text       
     ClearDriverError                        FF8A5E      20      32       1   .text       
- VARIABLES:
     minZeroPulse                              15A8       2       2       1   .data       
     minSamplingPulse                          15AA       2       2       2   .data       
     triggerOffset1                            15AC       2       2       1   .data       
     triggerOffset2                            15AE       2       2       1   .data       
     triggerOffset3                            15B0       2       2       1   .data       
     triggerOffset4                            15B2       2       2       1   .data       
     writeToList                               1845       1       1       7   .common     
MODULE:                 -- meas_s12zvm_c.obj --
- PROCEDURES:
     Meas_Clear                              FF8A7E      58      88       1   .text       
     Meas_CalibCurrentSense                  FF8AD6      8D     141       1   .text       
     Meas_Get3PhCurrent                      FF8B63     160     352       1   .text       
     GetAdcRawValues                         FF8CC3      69     105       2   .text       
     Meas_GetUdcVoltage                      FF8D2C      20      32       1   .text       
     Meas_GetTemperature                     FF8D4C      24      36       1   .text       
- VARIABLES:
     _ZZ18Meas_Get3PhCurrentP6structP6structtE9sectorK_1       15B4       2       2       2   .data       
MODULE:                 -- state_machine_c.obj --
- PROCEDURES:
- VARIABLES:
     state_table                               15B8     1E6     486       1   .data       
MODULE:                 -- vector_c.obj --
- PROCEDURES:
     dummy                                   FF8D70       1       1     118   .text       
- VARIABLES:
     _vectab                                 FFFE10     1F0     496       0   vector      
MODULE:                 -- mc9s12zvml32_c.obj --
- PROCEDURES:
- VARIABLES:
     ADC1RBP                                    661       3       3       0   .__absdata_ADC1RBP__
     ADC1CBP                                    65D       3       3       0   .__absdata_ADC1CBP__
     ADC0RBP                                    621       3       3       0   .__absdata_ADC0RBP__
     ADC0CBP                                    61D       3       3       0   .__absdata_ADC0CBP__
     PTUPTR                                     591       3       3       0   .__absdata_PTUPTR__
     ECCDPTR                                    3C7       3       3       0   .__absdata_ECCDPTR__
     DBGDA                                      145       3       3       0   .__absdata_DBGDA__
     DBGCA                                      135       3       3       0   .__absdata_DBGCA__
     DBGBA                                      125       3       3       0   .__absdata_DBGBA__
     DBGAA                                      115       3       3       0   .__absdata_DBGAA__
     MMCPC                                       85       3       3       0   .__absdata_MMCPC__
     _ADC1CMD                                   654       4       4       0   .__absdata__ADC1CMD__
     _ADC0CMD                                   614       4       4       0   .__absdata__ADC0CMD__
     _PARTID                                      0       4       4       0   .__absdata__PARTID__
     _CAN0TXTSR                                 83E       2       2       0   .__absdata__CAN0TXTSR__
     _CAN0RXTSR                                 82E       2       2       0   .__absdata__CAN0RXTSR__
     _SPI0DR                                    784       2       2       0   .__absdata__SPI0DR__
     _SCI1BD                                    710       2       2       0   .__absdata__SCI1BD__
     _SCI0BD                                    700       2       2       0   .__absdata__SCI0BD__
     _CPMUIRCTRIM                               6D8       2       2       0   .__absdata__CPMUIRCTRIM__
     _CPMUAPIR                                  6D4       2       2       0   .__absdata__CPMUAPIR__
     _ADC1IMDRI                                 64E       2       2       0   .__absdata__ADC1IMDRI__
     _ADC1CONIF                                 64C       2       2       0   .__absdata__ADC1CONIF__
     _ADC1CONIE                                 64A       2       2       0   .__absdata__ADC1CONIE__
     _ADC1CTL                                   640       2       2       0   .__absdata__ADC1CTL__
     _ADC0IMDRI                                 60E       2       2       0   .__absdata__ADC0IMDRI__
     _ADC0CONIF                                 60C       2       2       0   .__absdata__ADC0CONIF__
     _ADC0CONIE                                 60A       2       2       0   .__absdata__ADC0CONIE__
     _ADC0CTL                                   600       2       2       0   .__absdata__ADC0CTL__
     _TIM0TC3                                   5D6       2       2       0   .__absdata__TIM0TC3__
     _TIM0TC2                                   5D4       2       2       0   .__absdata__TIM0TC2__
     _TIM0TC1                                   5D2       2       2       0   .__absdata__TIM0TC1__
     _TIM0TC0                                   5D0       2       2       0   .__absdata__TIM0TC0__
     _TIM0TCNT                                  5C4       2       2       0   .__absdata__TIM0TCNT__
     _PMFDTMC                                   536       2       2       0   .__absdata__PMFDTMC__
     _PMFMODC                                   534       2       2       0   .__absdata__PMFMODC__
     _PMFCNTC                                   532       2       2       0   .__absdata__PMFCNTC__
     _PMFDTMB                                   52E       2       2       0   .__absdata__PMFDTMB__
     _PMFMODB                                   52C       2       2       0   .__absdata__PMFMODB__
     _PMFCNTB                                   52A       2       2       0   .__absdata__PMFCNTB__
     _PMFDTMA                                   526       2       2       0   .__absdata__PMFDTMA__
     _PMFMODA                                   524       2       2       0   .__absdata__PMFMODA__
     _PMFCNTA                                   522       2       2       0   .__absdata__PMFCNTA__
     _PMFVAL5                                   51A       2       2       0   .__absdata__PMFVAL5__
     _PMFVAL4                                   518       2       2       0   .__absdata__PMFVAL4__
     _PMFVAL3                                   516       2       2       0   .__absdata__PMFVAL3__
     _PMFVAL2                                   514       2       2       0   .__absdata__PMFVAL2__
     _PMFVAL1                                   512       2       2       0   .__absdata__PMFVAL1__
     _PMFVAL0                                   510       2       2       0   .__absdata__PMFVAL0__
     _ECCDD                                     3CC       2       2       0   .__absdata__ECCDD__
     _FCCOB5                                    396       2       2       0   .__absdata__FCCOB5__
     _FCCOB4                                    394       2       2       0   .__absdata__FCCOB4__
     _FCCOB3                                    392       2       2       0   .__absdata__FCCOB3__
     _FCCOB2                                    390       2       2       0   .__absdata__FCCOB2__
     _FCCOB1                                    38E       2       2       0   .__absdata__FCCOB1__
     _FCCOB0                                    38C       2       2       0   .__absdata__FCCOB0__
     _DIENAD                                    298       2       2       0   .__absdata__DIENAD__
     _PIFAD                                     28E       2       2       0   .__absdata__PIFAD__
     _PIEAD                                     28C       2       2       0   .__absdata__PIEAD__
     _PPSAD                                     288       2       2       0   .__absdata__PPSAD__
     _PERAD                                     286       2       2       0   .__absdata__PERAD__
     _DDRAD                                     284       2       2       0   .__absdata__DDRAD__
     _PTIAD                                     282       2       2       0   .__absdata__PTIAD__
     _PTAD                                      280       2       2       0   .__absdata__PTAD__
     _DBGTB                                     104       2       2       0   .__absdata__DBGTB__
     _MMCCCR                                     82       2       2       0   .__absdata__MMCCCR__
     _MMCEC                                      80       2       2       0   .__absdata__MMCEC__
     _IVBR                                       10       2       2       0   .__absdata__IVBR__
     _LP0IF                                     987       1       1       0   .__absdata__LP0IF__
     _LP0IE                                     986       1       1       0   .__absdata__LP0IE__
     _LP0SR                                     985       1       1       0   .__absdata__LP0SR__
     _LP0SLRM                                   983       1       1       0   .__absdata__LP0SLRM__
     _LP0CR                                     981       1       1       0   .__absdata__LP0CR__
     _LP0DR                                     980       1       1       0   .__absdata__LP0DR__
     _CAN0TXTBPR                                83D       1       1       0   .__absdata__CAN0TXTBPR__
     _CAN0TXDLR                                 83C       1       1       0   .__absdata__CAN0TXDLR__
     _CAN0TXDSR7                                83B       1       1       0   .__absdata__CAN0TXDSR7__
     _CAN0TXDSR6                                83A       1       1       0   .__absdata__CAN0TXDSR6__
     _CAN0TXDSR5                                839       1       1       0   .__absdata__CAN0TXDSR5__
     _CAN0TXDSR4                                838       1       1       0   .__absdata__CAN0TXDSR4__
     _CAN0TXDSR3                                837       1       1       0   .__absdata__CAN0TXDSR3__
     _CAN0TXDSR2                                836       1       1       0   .__absdata__CAN0TXDSR2__
     _CAN0TXDSR1                                835       1       1       0   .__absdata__CAN0TXDSR1__
     _CAN0TXDSR0                                834       1       1       0   .__absdata__CAN0TXDSR0__
     _CAN0TXIDR3                                833       1       1       0   .__absdata__CAN0TXIDR3__
     _CAN0TXIDR2                                832       1       1       0   .__absdata__CAN0TXIDR2__
     _CAN0TXIDR1                                831       1       1       0   .__absdata__CAN0TXIDR1__
     _CAN0TXIDR0                                830       1       1       0   .__absdata__CAN0TXIDR0__
     _CAN0RXDLR                                 82C       1       1       0   .__absdata__CAN0RXDLR__
     _CAN0RXDSR7                                82B       1       1       0   .__absdata__CAN0RXDSR7__
     _CAN0RXDSR6                                82A       1       1       0   .__absdata__CAN0RXDSR6__
     _CAN0RXDSR5                                829       1       1       0   .__absdata__CAN0RXDSR5__
     _CAN0RXDSR4                                828       1       1       0   .__absdata__CAN0RXDSR4__
     _CAN0RXDSR3                                827       1       1       0   .__absdata__CAN0RXDSR3__
     _CAN0RXDSR2                                826       1       1       0   .__absdata__CAN0RXDSR2__
     _CAN0RXDSR1                                825       1       1       0   .__absdata__CAN0RXDSR1__
     _CAN0RXDSR0                                824       1       1       0   .__absdata__CAN0RXDSR0__
     _CAN0RXIDR3                                823       1       1       0   .__absdata__CAN0RXIDR3__
     _CAN0RXIDR2                                822       1       1       0   .__absdata__CAN0RXIDR2__
     _CAN0RXIDR1                                821       1       1       0   .__absdata__CAN0RXIDR1__
     _CAN0RXIDR0                                820       1       1       0   .__absdata__CAN0RXIDR0__
     _CAN0IDMR7                                 81F       1       1       0   .__absdata__CAN0IDMR7__
     _CAN0IDMR6                                 81E       1       1       0   .__absdata__CAN0IDMR6__
     _CAN0IDMR5                                 81D       1       1       0   .__absdata__CAN0IDMR5__
     _CAN0IDMR4                                 81C       1       1       0   .__absdata__CAN0IDMR4__
     _CAN0IDAR7                                 81B       1       1       0   .__absdata__CAN0IDAR7__
     _CAN0IDAR6                                 81A       1       1       0   .__absdata__CAN0IDAR6__
     _CAN0IDAR5                                 819       1       1       0   .__absdata__CAN0IDAR5__
     _CAN0IDAR4                                 818       1       1       0   .__absdata__CAN0IDAR4__
     _CAN0IDMR3                                 817       1       1       0   .__absdata__CAN0IDMR3__
     _CAN0IDMR2                                 816       1       1       0   .__absdata__CAN0IDMR2__
     _CAN0IDMR1                                 815       1       1       0   .__absdata__CAN0IDMR1__
     _CAN0IDMR0                                 814       1       1       0   .__absdata__CAN0IDMR0__
     _CAN0IDAR3                                 813       1       1       0   .__absdata__CAN0IDAR3__
     _CAN0IDAR2                                 812       1       1       0   .__absdata__CAN0IDAR2__
     _CAN0IDAR1                                 811       1       1       0   .__absdata__CAN0IDAR1__
     _CAN0IDAR0                                 810       1       1       0   .__absdata__CAN0IDAR0__
     _CAN0TXERR                                 80F       1       1       0   .__absdata__CAN0TXERR__
     _CAN0RXERR                                 80E       1       1       0   .__absdata__CAN0RXERR__
     _CAN0MISC                                  80D       1       1       0   .__absdata__CAN0MISC__
     _CAN0IDAC                                  80B       1       1       0   .__absdata__CAN0IDAC__
     _CAN0TBSEL                                 80A       1       1       0   .__absdata__CAN0TBSEL__
     _CAN0TAAK                                  809       1       1       0   .__absdata__CAN0TAAK__
     _CAN0TARQ                                  808       1       1       0   .__absdata__CAN0TARQ__
     _CAN0TIER                                  807       1       1       0   .__absdata__CAN0TIER__
     _CAN0TFLG                                  806       1       1       0   .__absdata__CAN0TFLG__
     _CAN0RIER                                  805       1       1       0   .__absdata__CAN0RIER__
     _CAN0RFLG                                  804       1       1       0   .__absdata__CAN0RFLG__
     _CAN0BTR1                                  803       1       1       0   .__absdata__CAN0BTR1__
     _CAN0BTR0                                  802       1       1       0   .__absdata__CAN0BTR0__
     _CAN0CTL1                                  801       1       1       0   .__absdata__CAN0CTL1__
     _CAN0CTL0                                  800       1       1       0   .__absdata__CAN0CTL0__
     _SPI0SR                                    783       1       1       0   .__absdata__SPI0SR__
     _SPI0BR                                    782       1       1       0   .__absdata__SPI0BR__
     _SPI0CR2                                   781       1       1       0   .__absdata__SPI0CR2__
     _SPI0CR1                                   780       1       1       0   .__absdata__SPI0CR1__
     _SCI1DRL                                   717       1       1       0   .__absdata__SCI1DRL__
     _SCI1DRH                                   716       1       1       0   .__absdata__SCI1DRH__
     _SCI1SR2                                   715       1       1       0   .__absdata__SCI1SR2__
     _SCI1SR1                                   714       1       1       0   .__absdata__SCI1SR1__
     _SCI1CR2                                   713       1       1       0   .__absdata__SCI1CR2__
     _SCI1ACR2                                  712       1       1       0   .__absdata__SCI1ACR2__
     _SCI0DRL                                   707       1       1       0   .__absdata__SCI0DRL__
     _SCI0DRH                                   706       1       1       0   .__absdata__SCI0DRH__
     _SCI0SR2                                   705       1       1       0   .__absdata__SCI0SR2__
     _SCI0SR1                                   704       1       1       0   .__absdata__SCI0SR1__
     _SCI0CR2                                   703       1       1       0   .__absdata__SCI0CR2__
     _SCI0ACR2                                  702       1       1       0   .__absdata__SCI0ACR2__
     _BATIF                                     6F3       1       1       0   .__absdata__BATIF__
     _BATIE                                     6F2       1       1       0   .__absdata__BATIE__
     _BATSR                                     6F1       1       1       0   .__absdata__BATSR__
     _BATE                                      6F0       1       1       0   .__absdata__BATE__
     _CPMUOSC2                                  6DE       1       1       0   .__absdata__CPMUOSC2__
     _CPMUVREGCTL                               6DD       1       1       0   .__absdata__CPMUVREGCTL__
     _CPMUPROT                                  6DB       1       1       0   .__absdata__CPMUPROT__
     _CPMUOSC                                   6DA       1       1       0   .__absdata__CPMUOSC__
     _CPMUHTTR                                  6D7       1       1       0   .__absdata__CPMUHTTR__
     _CPMUACLKTR                                6D3       1       1       0   .__absdata__CPMUACLKTR__
     _CPMUAPICTL                                6D2       1       1       0   .__absdata__CPMUAPICTL__
     _CPMULVCTL                                 6D1       1       1       0   .__absdata__CPMULVCTL__
     _CPMUHTCTL                                 6D0       1       1       0   .__absdata__CPMUHTCTL__
     _CPMUARMCOP                                6CF       1       1       0   .__absdata__CPMUARMCOP__
     _CPMUCOP                                   6CC       1       1       0   .__absdata__CPMUCOP__
     _CPMURTI                                   6CB       1       1       0   .__absdata__CPMURTI__
     _CPMUPLL                                   6CA       1       1       0   .__absdata__CPMUPLL__
     _CPMUCLKS                                  6C9       1       1       0   .__absdata__CPMUCLKS__
     _CPMUINT                                   6C8       1       1       0   .__absdata__CPMUINT__
     _CPMUIFLG                                  6C7       1       1       0   .__absdata__CPMUIFLG__
     _CPMUPOSTDIV                               6C6       1       1       0   .__absdata__CPMUPOSTDIV__
     _CPMUREFDIV                                6C5       1       1       0   .__absdata__CPMUREFDIV__
     _CPMUSYNR                                  6C4       1       1       0   .__absdata__CPMUSYNR__
     _CPMURFLG                                  6C3       1       1       0   .__absdata__CPMURFLG__
     _GDUCTR1                                   6B0       1       1       0   .__absdata__GDUCTR1__
     _GDUOC1                                    6AF       1       1       0   .__absdata__GDUOC1__
     _GDUOC0                                    6AE       1       1       0   .__absdata__GDUOC0__
     _GDUCLK2                                   6AD       1       1       0   .__absdata__GDUCLK2__
     _GDUPHL                                    6AC       1       1       0   .__absdata__GDUPHL__
     _GDUDSLVL                                  6AB       1       1       0   .__absdata__GDUDSLVL__
     _GDUCSO                                    6AA       1       1       0   .__absdata__GDUCSO__
     _GDUPHMUX                                  6A9       1       1       0   .__absdata__GDUPHMUX__
     _GDUBCL                                    6A8       1       1       0   .__absdata__GDUBCL__
     _GDUCLK1                                   6A7       1       1       0   .__absdata__GDUCLK1__
     _GDUF                                      6A6       1       1       0   .__absdata__GDUF__
     _GDUSRC                                    6A5       1       1       0   .__absdata__GDUSRC__
     _GDUSTAT                                   6A4       1       1       0   .__absdata__GDUSTAT__
     _GDUDSE                                    6A3       1       1       0   .__absdata__GDUDSE__
     _GDUIE                                     6A2       1       1       0   .__absdata__GDUIE__
     _GDUCTR                                    6A1       1       1       0   .__absdata__GDUCTR__
     _GDUE                                      6A0       1       1       0   .__absdata__GDUE__
     _ADC1CROFF1                                665       1       1       0   .__absdata__ADC1CROFF1__
     _ADC1CROFF0                                664       1       1       0   .__absdata__ADC1CROFF0__
     _ADC1RBP_2                                 663       1       1       0   .__absdata__ADC1RBP_2__
     _ADC1RBP_1                                 662       1       1       0   .__absdata__ADC1RBP_1__
     _ADC1RBP_0                                 661       1       1       0   .__absdata__ADC1RBP_0__
     _ADC1RIDX                                  660       1       1       0   .__absdata__ADC1RIDX__
     _ADC1CBP_2                                 65F       1       1       0   .__absdata__ADC1CBP_2__
     _ADC1CBP_1                                 65E       1       1       0   .__absdata__ADC1CBP_1__
     _ADC1CBP_0                                 65D       1       1       0   .__absdata__ADC1CBP_0__
     _ADC1CIDX                                  65C       1       1       0   .__absdata__ADC1CIDX__
     _ADC1EOLRI                                 650       1       1       0   .__absdata__ADC1EOLRI__
     _ADC1IF                                    649       1       1       0   .__absdata__ADC1IF__
     _ADC1EIF                                   648       1       1       0   .__absdata__ADC1EIF__
     _ADC1IE                                    647       1       1       0   .__absdata__ADC1IE__
     _ADC1EIE                                   646       1       1       0   .__absdata__ADC1EIE__
     _ADC1FLWCTL                                645       1       1       0   .__absdata__ADC1FLWCTL__
     _ADC1FMT                                   644       1       1       0   .__absdata__ADC1FMT__
     _ADC1TIM                                   643       1       1       0   .__absdata__ADC1TIM__
     _ADC1STS                                   642       1       1       0   .__absdata__ADC1STS__
     _ADC0CROFF1                                625       1       1       0   .__absdata__ADC0CROFF1__
     _ADC0CROFF0                                624       1       1       0   .__absdata__ADC0CROFF0__
     _ADC0RBP_2                                 623       1       1       0   .__absdata__ADC0RBP_2__
     _ADC0RBP_1                                 622       1       1       0   .__absdata__ADC0RBP_1__
     _ADC0RBP_0                                 621       1       1       0   .__absdata__ADC0RBP_0__
     _ADC0RIDX                                  620       1       1       0   .__absdata__ADC0RIDX__
     _ADC0CBP_2                                 61F       1       1       0   .__absdata__ADC0CBP_2__
     _ADC0CBP_1                                 61E       1       1       0   .__absdata__ADC0CBP_1__
     _ADC0CBP_0                                 61D       1       1       0   .__absdata__ADC0CBP_0__
     _ADC0CIDX                                  61C       1       1       0   .__absdata__ADC0CIDX__
     _ADC0EOLRI                                 610       1       1       0   .__absdata__ADC0EOLRI__
     _ADC0IF                                    609       1       1       0   .__absdata__ADC0IF__
     _ADC0EIF                                   608       1       1       0   .__absdata__ADC0EIF__
     _ADC0IE                                    607       1       1       0   .__absdata__ADC0IE__
     _ADC0EIE                                   606       1       1       0   .__absdata__ADC0EIE__
     _ADC0FLWCTL                                605       1       1       0   .__absdata__ADC0FLWCTL__
     _ADC0FMT                                   604       1       1       0   .__absdata__ADC0FMT__
     _ADC0TIM                                   603       1       1       0   .__absdata__ADC0TIM__
     _ADC0STS                                   602       1       1       0   .__absdata__ADC0STS__
     _TIM0PTPSR                                 5EE       1       1       0   .__absdata__TIM0PTPSR__
     _TIM0OCPD                                  5EC       1       1       0   .__absdata__TIM0OCPD__
     _TIM0TFLG2                                 5CF       1       1       0   .__absdata__TIM0TFLG2__
     _TIM0TFLG1                                 5CE       1       1       0   .__absdata__TIM0TFLG1__
     _TIM0TSCR2                                 5CD       1       1       0   .__absdata__TIM0TSCR2__
     _TIM0TIE                                   5CC       1       1       0   .__absdata__TIM0TIE__
     _TIM0TCTL4                                 5CB       1       1       0   .__absdata__TIM0TCTL4__
     _TIM0TCTL2                                 5C9       1       1       0   .__absdata__TIM0TCTL2__
     _TIM0TTOV                                  5C7       1       1       0   .__absdata__TIM0TTOV__
     _TIM0TSCR1                                 5C6       1       1       0   .__absdata__TIM0TSCR1__
     _TIM0CFORC                                 5C1       1       1       0   .__absdata__TIM0CFORC__
     _TIM0TIOS                                  5C0       1       1       0   .__absdata__TIM0TIOS__
     _PTUDEBUG                                  59F       1       1       0   .__absdata__PTUDEBUG__
     _TG1L1IDX                                  597       1       1       0   .__absdata__TG1L1IDX__
     _TG1L0IDX                                  596       1       1       0   .__absdata__TG1L0IDX__
     _TG0L1IDX                                  595       1       1       0   .__absdata__TG0L1IDX__
     _TG0L0IDX                                  594       1       1       0   .__absdata__TG0L0IDX__
     _PTUPTRL                                   593       1       1       0   .__absdata__PTUPTRL__
     _PTUPTRM                                   592       1       1       0   .__absdata__PTUPTRM__
     _PTUPTRH                                   591       1       1       0   .__absdata__PTUPTRH__
     _PTUCNTL                                   58F       1       1       0   .__absdata__PTUCNTL__
     _PTUCNTH                                   58E       1       1       0   .__absdata__PTUCNTH__
     _TG1TVL                                    58D       1       1       0   .__absdata__TG1TVL__
     _TG1TVH                                    58C       1       1       0   .__absdata__TG1TVH__
     _TG1TNUM                                   58B       1       1       0   .__absdata__TG1TNUM__
     _TG1LIST                                   58A       1       1       0   .__absdata__TG1LIST__
     _TG0TVL                                    589       1       1       0   .__absdata__TG0TVL__
     _TG0TVH                                    588       1       1       0   .__absdata__TG0TVH__
     _TG0TNUM                                   587       1       1       0   .__absdata__TG0TNUM__
     _TG0LIST                                   586       1       1       0   .__absdata__TG0LIST__
     _PTUIFL                                    585       1       1       0   .__absdata__PTUIFL__
     _PTUIFH                                    584       1       1       0   .__absdata__PTUIFH__
     _PTUIEL                                    583       1       1       0   .__absdata__PTUIEL__
     _PTUIEH                                    582       1       1       0   .__absdata__PTUIEH__
     _PTUC                                      581       1       1       0   .__absdata__PTUC__
     _PTUE                                      580       1       1       0   .__absdata__PTUE__
     _PMFOUTF                                   53E       1       1       0   .__absdata__PMFOUTF__
     _PMFDMP5                                   53D       1       1       0   .__absdata__PMFDMP5__
     _PMFDMP4                                   53C       1       1       0   .__absdata__PMFDMP4__
     _PMFDMP3                                   53B       1       1       0   .__absdata__PMFDMP3__
     _PMFDMP2                                   53A       1       1       0   .__absdata__PMFDMP2__
     _PMFDMP1                                   539       1       1       0   .__absdata__PMFDMP1__
     _PMFDMP0                                   538       1       1       0   .__absdata__PMFDMP0__
     _PMFFQCC                                   531       1       1       0   .__absdata__PMFFQCC__
     _PMFENCC                                   530       1       1       0   .__absdata__PMFENCC__
     _PMFFQCB                                   529       1       1       0   .__absdata__PMFFQCB__
     _PMFENCB                                   528       1       1       0   .__absdata__PMFENCB__
     _PMFFQCA                                   521       1       1       0   .__absdata__PMFFQCA__
     _PMFENCA                                   520       1       1       0   .__absdata__PMFENCA__
     _PMFCINV                                   51F       1       1       0   .__absdata__PMFCINV__
     _PMFICCTL                                  51E       1       1       0   .__absdata__PMFICCTL__
     _PMFROIF                                   51D       1       1       0   .__absdata__PMFROIF__
     _PMFROIE                                   51C       1       1       0   .__absdata__PMFROIE__
     _PMFCCTL                                   50F       1       1       0   .__absdata__PMFCCTL__
     _PMFDTMS                                   50E       1       1       0   .__absdata__PMFDTMS__
     _PMFOUTB                                   50D       1       1       0   .__absdata__PMFOUTB__
     _PMFOUTC                                   50C       1       1       0   .__absdata__PMFOUTC__
     _PMFQSMP1                                  509       1       1       0   .__absdata__PMFQSMP1__
     _PMFQSMP0                                  508       1       1       0   .__absdata__PMFQSMP0__
     _PMFFIF                                    507       1       1       0   .__absdata__PMFFIF__
     _PMFFIE                                    506       1       1       0   .__absdata__PMFFIE__
     _PMFFMOD                                   505       1       1       0   .__absdata__PMFFMOD__
     _PMFFEN                                    504       1       1       0   .__absdata__PMFFEN__
     _PMFCFG3                                   503       1       1       0   .__absdata__PMFCFG3__
     _PMFCFG2                                   502       1       1       0   .__absdata__PMFCFG2__
     _PMFCFG1                                   501       1       1       0   .__absdata__PMFCFG1__
     _PMFCFG0                                   500       1       1       0   .__absdata__PMFCFG0__
     _ECCDCMD                                   3CF       1       1       0   .__absdata__ECCDCMD__
     _ECCDE                                     3CE       1       1       0   .__absdata__ECCDE__
     _ECCDPTRL                                  3C9       1       1       0   .__absdata__ECCDPTRL__
     _ECCDPTRM                                  3C8       1       1       0   .__absdata__ECCDPTRM__
     _ECCDPTRH                                  3C7       1       1       0   .__absdata__ECCDPTRH__
     _ECCIF                                     3C2       1       1       0   .__absdata__ECCIF__
     _ECCIE                                     3C1       1       1       0   .__absdata__ECCIE__
     _ECCSTAT                                   3C0       1       1       0   .__absdata__ECCSTAT__
     _FOPT                                      38A       1       1       0   .__absdata__FOPT__
     _DFPROT                                    389       1       1       0   .__absdata__DFPROT__
     _FPROT                                     388       1       1       0   .__absdata__FPROT__
     _FERSTAT                                   387       1       1       0   .__absdata__FERSTAT__
     _FSTAT                                     386       1       1       0   .__absdata__FSTAT__
     _FERCNFG                                   385       1       1       0   .__absdata__FERCNFG__
     _FCNFG                                     384       1       1       0   .__absdata__FCNFG__
     _FPSTAT                                    383       1       1       0   .__absdata__FPSTAT__
     _FCCOBIX                                   382       1       1       0   .__absdata__FCCOBIX__
     _FSEC                                      381       1       1       0   .__absdata__FSEC__
     _FCLKDIV                                   380       1       1       0   .__absdata__FCLKDIV__
     _RDRP                                      2FD       1       1       0   .__absdata__RDRP__
     _PIFP                                      2F7       1       1       0   .__absdata__PIFP__
     _PIEP                                      2F6       1       1       0   .__absdata__PIEP__
     _PPSP                                      2F4       1       1       0   .__absdata__PPSP__
     _PERP                                      2F3       1       1       0   .__absdata__PERP__
     _DDRP                                      2F2       1       1       0   .__absdata__DDRP__
     _PTIP                                      2F1       1       1       0   .__absdata__PTIP__
     _PTP                                       2F0       1       1       0   .__absdata__PTP__
     _WOMS                                      2DF       1       1       0   .__absdata__WOMS__
     _PIFS                                      2D7       1       1       0   .__absdata__PIFS__
     _PIES                                      2D6       1       1       0   .__absdata__PIES__
     _PPSS                                      2D4       1       1       0   .__absdata__PPSS__
     _PERS                                      2D3       1       1       0   .__absdata__PERS__
     _DDRS                                      2D2       1       1       0   .__absdata__DDRS__
     _PTIS                                      2D1       1       1       0   .__absdata__PTIS__
     _PTS                                       2D0       1       1       0   .__absdata__PTS__
     _PPST                                      2C4       1       1       0   .__absdata__PPST__
     _PERT                                      2C3       1       1       0   .__absdata__PERT__
     _DDRT                                      2C2       1       1       0   .__absdata__DDRT__
     _PTIT                                      2C1       1       1       0   .__absdata__PTIT__
     _PTT                                       2C0       1       1       0   .__absdata__PTT__
     _PPSE                                      268       1       1       0   .__absdata__PPSE__
     _PERE                                      266       1       1       0   .__absdata__PERE__
     _DDRE                                      264       1       1       0   .__absdata__DDRE__
     _PTIE                                      262       1       1       0   .__absdata__PTIE__
     _PTE                                       260       1       1       0   .__absdata__PTE__
     _PIMMISC                                   20A       1       1       0   .__absdata__PIMMISC__
     _IRQCR                                     209       1       1       0   .__absdata__IRQCR__
     _ECLKCTL                                   208       1       1       0   .__absdata__ECLKCTL__
     _MODRR2                                    202       1       1       0   .__absdata__MODRR2__
     _MODRR1                                    201       1       1       0   .__absdata__MODRR1__
     _MODRR0                                    200       1       1       0   .__absdata__MODRR0__
     _DBGDAL                                    147       1       1       0   .__absdata__DBGDAL__
     _DBGDAM                                    146       1       1       0   .__absdata__DBGDAM__
     _DBGDAH                                    145       1       1       0   .__absdata__DBGDAH__
     _DBGDCTL                                   140       1       1       0   .__absdata__DBGDCTL__
     _DBGCDM3                                   13F       1       1       0   .__absdata__DBGCDM3__
     _DBGCDM2                                   13E       1       1       0   .__absdata__DBGCDM2__
     _DBGCDM1                                   13D       1       1       0   .__absdata__DBGCDM1__
     _DBGCDM0                                   13C       1       1       0   .__absdata__DBGCDM0__
     _DBGCD3                                    13B       1       1       0   .__absdata__DBGCD3__
     _DBGCD2                                    13A       1       1       0   .__absdata__DBGCD2__
     _DBGCD1                                    139       1       1       0   .__absdata__DBGCD1__
     _DBGCD0                                    138       1       1       0   .__absdata__DBGCD0__
[...]
FMSTR_FindAppCmdCallIndex USES pcm_pAppCmdCallId 
FMSTR_Init                USES FMSTR_InitScope FMSTR_InitRec FMSTR_InitAppCmds 
                                FMSTR_InitSerial 
FMSTR_ProtocolDecoder     USES FMSTR_GetBoardInfo FMSTR_WriteMemMask 
                                FMSTR_WriteMem FMSTR_GetAppCmdRespData FMSTR_GetAppCmdStatus 
                                FMSTR_StoreAppCmd FMSTR_GetRecBuff FMSTR_SetUpRec FMSTR_StopRec 
                                FMSTR_StartRec FMSTR_GetRecStatus FMSTR_ReadScope 
                                FMSTR_SetUpScope FMSTR_ReadMem FMSTR_SendResponse 
FMSTR_GetBoardInfo        USES FMSTR_GetRecBuffSize @144 
FMSTR_ReadMem             USES FMSTR_AddressFromBuffer FMSTR_CopyToBuffer 
FMSTR_WriteMem            USES FMSTR_AddressFromBuffer FMSTR_CopyFromBuffer 
FMSTR_WriteMemMask        USES FMSTR_AddressFromBuffer 
                                FMSTR_CopyFromBufferWithMask 
FMSTR_InitRec             USES pcm_wRecFlags pcm_pOwnRecBuffer 
                                pcm_nRecBuffAddr 
FMSTR_AbortRec            USES pcm_wRecFlags 
FMSTR_SetUpRec            USES FMSTR_AbortRec pcm_pOwnRecBuffer 
                                pcm_nRecBuffAddr pcm_nRecTriggerMode pcm_wRecTotalSmps 
                                pcm_wRecPostTrigger pcm_wRecTimeDiv pcm_nTrgVarAddr 
                                FMSTR_AddressFromBuffer pcm_nTrgVarSize pcm_bTrgVarSigned 
                                pcm_uTrgThreshold pcm_nRecVarCount pcm_pRecVarSize 
                                pcm_pRecVarAddr pcm_pCompareFunc FMSTR_Compare32U 
                                FMSTR_Compare32S FMSTR_Compare16U FMSTR_Compare16S 
                                FMSTR_Compare8U FMSTR_Compare8S FMSTR_GetRecBuffSize 
                                pcm_dwRecEndBuffPtr pcm_wRecFlags 
FMSTR_TriggerRec          USES pcm_wRecFlags pcm_wRecPostTrigger 
                                pcm_wStoprecCountDown 
FMSTR_StartRec            USES pcm_wRecFlags pcm_nRecBuffAddr 
                                pcm_dwRecWritePtr pcm_wRecBuffStartIx pcm_wRecTimeDivCtr 
FMSTR_StopRec             USES pcm_wRecFlags FMSTR_TriggerRec 
FMSTR_GetRecStatus        USES pcm_wRecFlags 
FMSTR_GetRecBuff          USES pcm_wRecFlags pcm_nRecBuffAddr 
                                FMSTR_AddressToBuffer pcm_wRecBuffStartIx 
FMSTR_Compare8S           USES pcm_nTrgVarAddr pcm_uTrgThreshold 
FMSTR_Compare8U           USES pcm_nTrgVarAddr pcm_uTrgThreshold 
FMSTR_Compare16S          USES pcm_nTrgVarAddr pcm_uTrgThreshold 
FMSTR_Compare16U          USES pcm_nTrgVarAddr pcm_uTrgThreshold 
FMSTR_Compare32S          USES pcm_nTrgVarAddr pcm_uTrgThreshold 
FMSTR_Compare32U          USES pcm_nTrgVarAddr pcm_uTrgThreshold 
FMSTR_Recorder            USES pcm_wRecFlags FMSTR_Recorder2 
FMSTR_Recorder2           USES pcm_wRecTimeDivCtr pcm_wRecTimeDiv 
                                pcm_dwRecWritePtr pcm_nRecVarCount pcm_wRecBuffStartIx 
                                pcm_dwRecEndBuffPtr pcm_wRecFlags pcm_pCompareFunc 
                                pcm_nRecTriggerMode FMSTR_TriggerRec pcm_wStoprecCountDown 
                                pcm_pRecVarSize pcm_pRecVarAddr FMSTR_CopyMemory 
                                pcm_nRecBuffAddr 
FMSTR_SetUpScope          USES pcm_nScopeVarCount pcm_pScopeVarSize 
                                pcm_pScopeVarAddr FMSTR_AddressFromBuffer 
FMSTR_ReadScope           USES pcm_nScopeVarCount pcm_pScopeVarAddr 
                                pcm_pScopeVarSize FMSTR_CopyToBuffer 
FMSTR_ProcessSCI          USES pcm_wFlags FMSTR_Rx FMSTR_Tx 
FMSTR_Listen              USES pcm_nRxTodo pcm_wFlags 
FMSTR_SendError           USES pcm_pCommBuffer FMSTR_SendResponse 
FMSTR_SendResponse        USES pcm_pTxBuff pcm_nTxTodo pcm_wFlags 
FMSTR_Tx                  USES pcm_nTxTodo pcm_pTxBuff pcm_wFlags FMSTR_Listen 
FMSTR_Rx                  USES pcm_wFlags pcm_nRxTodo pcm_nRxCheckSum 
                                pcm_pRxBuff pcm_pCommBuffer FMSTR_ProtocolDecoder 
                                FMSTR_SendError 
FMSTR_InitSerial          USES pcm_wFlags pcm_nTxTodo FMSTR_Listen 
FMSTR_Poll                USES FMSTR_ProcessSCI 
main                      USES cpmu_init pim_init pmf_init ptu_init adc0_init 
                                adc1_init sci1_init gdu_init tim_init FMSTR_Init 
                                FaultVariablesInit mcFaultDect cntrState FMSTR_Poll 
ADC0error_ISR             USES AdcError0 permFaults AdcErrorLDOK AdcErrorRSTAR 
                                AdcErrorTRIG AdcErrorEOL AdcErrorCMD AdcErrorIA 
ADC1error_ISR             USES AdcError1 permFaults AdcErrorLDOK AdcErrorRSTAR 
                                AdcErrorTRIG AdcErrorEOL AdcErrorCMD AdcErrorIA 
PMFreloadA_ISR            USES _ZZ14PMFreloadA_ISRvE12getFcnStatus drvFOC meas 
                                Meas_Get3PhCurrent Meas_GetTemperature Meas_GetUdcVoltage 
                                mcFaultDect Fault_Overcurrent Motor_TailWind Timer1msCNT 
                                pos_mode Timer10msCNT cntrState TimerOLRampCNT 
                                BrakeLoopDuration LinkupDuration RunningChk_counter 
                                faultDetection state_table FMSTR_Recorder 
stateReset                USES cntrState DisableOutput fmScale drvFOC 
                                GDFLIB_FilterIIR1Init_F16 OL_SpeedRampInc CL_SpeedRampInc 
                                CL_SpeedRampDec AMCLIB_BemfObsrvDQInit_F16 
                                AMCLIB_TrackObsrvInit_F16 GDFLIB_FilterMAInit_F16 pos_mode 
stateFault                USES cntrState DisableOutput permFaults 
                                ClearDriverError ClearPMF_Faults ClearPTU_Errors mcFaultSource 
stateInit                 USES cntrState DisableOutput drvFOC meas Meas_Clear 
                                GDFLIB_FilterIIR1Init_F16 OL_SpeedRampInc AMCLIB_BemfObsrvDQInit_F16 
                                AMCLIB_TrackObsrvInit_F16 GDFLIB_FilterMAInit_F16 pos_mode control_flags 
                                tempfaults 
stateReady                USES cntrState 
stateCalib                USES cntrState DisableOutput drvFOC meas 
                                Meas_CalibCurrentSense SetDutycycle AppCalibToCheckMotor 
stateAlign                USES cntrState EnableOutput drvFOC f16gflibSinCoef 
                                GFLIB_Sin_F16 f16gflibCosCoef GFLIB_Cos_F16 
                                GMCLIB_ParkInv_F16 GMCLIB_SvmStd_F16 SetDutycycle 
stateRun                  USES _ZZ8stateRunvE14stateRunStatus cntrState 
                                pos_mode drvFOC actualSpeed CalcOpenLoop 
                                AMCLIB_BemfObsrvDQ_F16 AMCLIB_TrackObsrv_F16 GDFLIB_FilterMA_F16 
                                LinkupDuration automaticMode CL_SpeedRampInc CL_SpeedRampDec 
                                OL_SpeedRampInc AMCLIB_BemfObsrvDQInit_F16 focSlowLoop 
                                tempfaults focFastLoop SetDutycycle 
stateCheckM               USES cntrState RunningChk_counter control_flags 
                                AppBrakeToAlignment 
stateBrake                USES cntrState BrakeLoopDuration brakeEnableFlags 
focSlowLoop               USES cntrState drvFOC GFLIB_Ramp_F32 
                                GDFLIB_FilterMA_F16 GFLIB_ControllerPIpAW_F16 
focFastLoop               USES drvFOC GMCLIB_Clark_F16 cntrState 
                                GMCLIB_Park_F16 GFLIB_Limit_F16 dPI GFLIB_Sqrt_F16 qPI 
                                GFLIB_ControllerPIrAW_F16 GMCLIB_ParkInv_F16 meas 
                                GMCLIB_ElimDcBusRip_F16 GMCLIB_SvmStd_F16 f16gflibSinCoef 
                                GFLIB_Sin_F16 f16gflibCosCoef GFLIB_Cos_F16 pos_mode 
faultDetection            USES GetDriverError permFaults GetPMF_Faults 
                                GetPTU_Errors drvFOC mcDcbusFlt mcSpeedFlt mcEsValue 
                                User_Fault_Detection mcFaultSource 
CalcOpenLoop              USES GFLIB_IntegratorTR_F16 
automaticMode             USES drvFOC pos_mode 
Motor_TailWind            USES cntrState timeBEMF ADC1ResultList phaseVoltage 
                                ADC_channel vph_blue vph_yellow vph_red CheckMotorRunning 
CheckMotorRunning         USES control_flags 
                                _ZZ17CheckMotorRunningvE13retry_counter_6 vph_red permFaults 
                                _ZZ17CheckMotorRunningvE15level_count_red_2 _ZZ17CheckMotorRunningvE16previous_vph_red 
                                timeBEMF NextCmtSector ActualCmtSector 
                                _ZZ17CheckMotorRunningvE18previous_edge_time_5 actualSpeed vph_yellow 
                                _ZZ17CheckMotorRunningvE18level_count_yellow_3 
                                _ZZ17CheckMotorRunningvE19previous_vph_yellow_0 vph_blue 
                                _ZZ17CheckMotorRunningvE16level_count_blue_4 _ZZ17CheckMotorRunningvE17previous_vph_blue_1 
                                BrakeLoopDuration NextCmtPeriod duty_cycle AppTranToBrake 
AppTranToBrake            USES control_flags EnableOutput drvFOC 
                                f16gflibSinCoef GFLIB_Sin_F16 f16gflibCosCoef GFLIB_Cos_F16 
                                GMCLIB_ParkInv_F16 GMCLIB_SvmStd_F16 SetDutycycle cntrState 
AppBrakeToAlignment       USES drvFOC cntrState 
AppCalibToCheckMotor      USES DisableOutput RunningChk_counter actualSpeed 
                                control_flags vph_red vph_yellow vph_blue NextCmtSector 
                                ADC_channel cntrState 
AMCLIB_BemfObsrvDQ_F16    USES f16gflibSinCosCoef GFLIB_SinCos_F16 
                                GFLIB_ControllerPIrAW_F16 f16gflibAtanCoef GFLIB_Atan_F16 
_vectab                   USES dummy PMFreloadA_ISR ADC1done_ISR ADC1error_ISR 
                                ADC0done_ISR ADC0error_ISR _Startup 

*********************************************************************************************
DEPENDENCY TREE
*********************************************************************************************
 main and _Startup Group
 | 
 +- main                
 |  | 
 |  +- cpmu_init           
 |  |    
 |  +- pim_init            
 |  |    
 |  +- pmf_init            
 |  |    
 |  +- ptu_init            
 |  |    
 |  +- adc0_init           
 |  |    
 |  +- adc1_init           
 |  |    
 |  +- sci1_init           
 |  |    
 |  +- gdu_init            
 |  |    
 |  +- tim_init            
 |  |    
 |  +- FMSTR_Init          
 |  |  | 
 |  |  +- FMSTR_InitScope     
 |  |  |    
 |  |  +- FMSTR_InitRec       
 |  |  |    
 |  |  +- FMSTR_InitAppCmds   
 |  |  |    
 |  |  +- FMSTR_InitSerial    
 |  |     | 
 |  |     +- FMSTR_Listen        
 |  |          
 |  +- FaultVariablesInit  
 |  |    
 |  +- FMSTR_Poll          
 |     | 
 |     +- FMSTR_ProcessSCI    
 |        | 
 |        +- FMSTR_Rx            
 |        |  | 
 |        |  +- FMSTR_ProtocolDecoder
 |        |  |  | 
 |        |  |  +- FMSTR_GetBoardInfo  
 |        |  |  |  | 
 |        |  |  |  +- FMSTR_GetRecBuffSize
 |        |  |  |       
 |        |  |  +- FMSTR_WriteMemMask  
 |        |  |  |  | 
 |        |  |  |  +- FMSTR_AddressFromBuffer
 |        |  |  |  |    
 |        |  |  |  +- FMSTR_CopyFromBufferWithMask
 |        |  |  |       
 |        |  |  +- FMSTR_WriteMem      
 |        |  |  |  | 
 |        |  |  |  +- FMSTR_AddressFromBuffer (see above)
 |        |  |  |  |  
 |        |  |  |  +- FMSTR_CopyFromBuffer
 |        |  |  |       
 |        |  |  +- FMSTR_GetAppCmdRespData
 |        |  |  |  | 
 |        |  |  |  +- FMSTR_CopyToBuffer  
 |        |  |  |       
 |        |  |  +- FMSTR_GetAppCmdStatus
 |        |  |  |  | 
 |        |  |  |  +- FMSTR_FindAppCmdCallIndex
 |        |  |  |       
 |        |  |  +- FMSTR_StoreAppCmd   
 |        |  |  |  | 
 |        |  |  |  +- FMSTR_CopyFromBuffer (see above)
 |        |  |  |     
 |        |  |  +- FMSTR_GetRecBuff    
 |        |  |  |  | 
 |        |  |  |  +- FMSTR_AddressToBuffer
 |        |  |  |       
 |        |  |  +- FMSTR_SetUpRec      
 |        |  |  |  | 
 |        |  |  |  +- FMSTR_AbortRec      
 |        |  |  |  |    
 |        |  |  |  +- FMSTR_AddressFromBuffer (see above)
 |        |  |  |  |  
 |        |  |  |  +- FMSTR_Compare32U    
 |        |  |  |  |    
 |        |  |  |  +- FMSTR_Compare32S    
 |        |  |  |  |    
 |        |  |  |  +- FMSTR_Compare16U    
 |        |  |  |  |    
 |        |  |  |  +- FMSTR_Compare16S    
 |        |  |  |  |    
 |        |  |  |  +- FMSTR_Compare8U     
 |        |  |  |  |    
 |        |  |  |  +- FMSTR_Compare8S     
 |        |  |  |  |    
 |        |  |  |  +- FMSTR_GetRecBuffSize (see above)
 |        |  |  |     
 |        |  |  +- FMSTR_StopRec       
 |        |  |  |  | 
 |        |  |  |  +- FMSTR_TriggerRec    
 |        |  |  |       
 |        |  |  +- FMSTR_StartRec      
 |        |  |  |    
 |        |  |  +- FMSTR_GetRecStatus  
 |        |  |  |    
 |        |  |  +- FMSTR_ReadScope     
 |        |  |  |  | 
 |        |  |  |  +- FMSTR_CopyToBuffer   (see above)
 |        |  |  |     
 |        |  |  +- FMSTR_SetUpScope    
 |        |  |  |  | 
 |        |  |  |  +- FMSTR_AddressFromBuffer (see above)
 |        |  |  |     
 |        |  |  +- FMSTR_ReadMem       
 |        |  |  |  | 
 |        |  |  |  +- FMSTR_AddressFromBuffer (see above)
 |        |  |  |  |  
 |        |  |  |  +- FMSTR_CopyToBuffer   (see above)
 |        |  |  |     
 |        |  |  +- FMSTR_SendResponse  
 |        |  |       
 |        |  +- FMSTR_SendError     
 |        |     | 
 |        |     +- FMSTR_SendResponse   (see above)
 |        |        
 |        +- FMSTR_Tx            
 |           | 
 |           +- FMSTR_Listen         (see above)
 |              
 +- _Startup            
    | 
    +- DoZeroOut           
    |    
    +- DoCopyDown          
    |    
    +- main                 (see above)
       
 _vectab             
 | 
 +- dummy               
 |    
 +- PMFreloadA_ISR      
 |  | 
 |  +- Meas_Get3PhCurrent  
 |  |  | 
 |  |  +- GetAdcRawValues     
 |  |       
 |  +- Meas_GetTemperature 
 |  |    
 |  +- Meas_GetUdcVoltage  
 |  |  | 
 |  |  +- GDFLIB_FilterIIR1_F16
 |  |       
 |  +- Fault_Overcurrent   
 |  |  | 
 |  |  +- FaultProcess        
 |  |       
 |  +- Motor_TailWind      
 |  |  | 
 |  |  +- CheckMotorRunning   
 |  |     | 
 |  |     +- AppTranToBrake      
 |  |        | 
 |  |        +- EnableOutput        
 |  |        |  | 
 |  |        |  +- SetDutycycle        
 |  |        |     | 
 |  |        |     +- CalcEdges           
 |  |        |     |    
 |  |        |     +- SetPtuTriggers      
 |  |        |     |    
 |  |        |     +- SetPmfValReg        
 |  |        |          
 |  |        +- GFLIB_Sin_F16       
 |  |        |    
 |  |        +- GFLIB_Cos_F16       
 |  |        |    
 |  |        +- GMCLIB_ParkInv_F16  
 |  |        |    
 |  |        +- GMCLIB_SvmStd_F16   
 |  |        |    
 |  |        +- SetDutycycle         (see above)
 |  |           
 |  +- faultDetection      
 |  |  | 
 |  |  +- GetDriverError      
 |  |  |    
 |  |  +- GetPMF_Faults       
 |  |  |    
 |  |  +- GetPTU_Errors       
 |  |  |    
 |  |  +- User_Fault_Detection
 |  |     | 
 |  |     +- Fault_OverVoltage   
 |  |     |  | 
 |  |     |  +- FaultProcess         (see above)
 |  |     |     
 |  |     +- Fault_Stall         
 |  |        | 
 |  |        +- FaultProcess         (see above)
 |  |           
 |  +- state_table         
 |  |  | 
 |  |  +- stateFault          
 |  |  |  | 
 |  |  |  +- DisableOutput       
 |  |  |  |  | 
 |  |  |  |  +- SetDutycycle         (see above)
 |  |  |  |     
 |  |  |  +- ClearDriverError    
 |  |  |  |    
 |  |  |  +- ClearPMF_Faults     
 |  |  |  |    
 |  |  |  +- ClearPTU_Errors     
 |  |  |       
 |  |  +- stateInit           
 |  |  |  | 
 |  |  |  +- DisableOutput        (see above)
 |  |  |  |  
 |  |  |  +- Meas_Clear          
 |  |  |  |    
 |  |  |  +- GDFLIB_FilterIIR1Init_F16
 |  |  |  |    
 |  |  |  +- AMCLIB_BemfObsrvDQInit_F16
 |  |  |  |    
 |  |  |  +- AMCLIB_TrackObsrvInit_F16
 |  |  |  |    
 |  |  |  +- GDFLIB_FilterMAInit_F16
 |  |  |       
 |  |  +- stateReady          
 |  |  |    
 |  |  +- stateCalib          
 |  |  |  | 
 |  |  |  +- DisableOutput        (see above)
 |  |  |  |  
 |  |  |  +- Meas_CalibCurrentSense
 |  |  |  |  | 
 |  |  |  |  +- GetAdcRawValues      (see above)
 |  |  |  |  |  
 |  |  |  |  +- GDFLIB_FilterMA_F16 
 |  |  |  |       
 |  |  |  +- SetDutycycle         (see above)
 |  |  |  |  
 |  |  |  +- AppCalibToCheckMotor
 |  |  |     | 
 |  |  |     +- DisableOutput        (see above)
 |  |  |        
 |  |  +- stateAlign          
 |  |  |  | 
 |  |  |  +- EnableOutput         (see above)
 |  |  |  |  
 |  |  |  +- GFLIB_Sin_F16        (see above)
 |  |  |  |  
 |  |  |  +- GFLIB_Cos_F16        (see above)
 |  |  |  |  
 |  |  |  +- GMCLIB_ParkInv_F16   (see above)
 |  |  |  |  
 |  |  |  +- GMCLIB_SvmStd_F16    (see above)
 |  |  |  |  
 |  |  |  +- SetDutycycle         (see above)
 |  |  |     
 |  |  +- stateRun            
 |  |  |  | 
 |  |  |  +- CalcOpenLoop        
 |  |  |  |  | 
 |  |  |  |  +- GFLIB_IntegratorTR_F16
 |  |  |  |       
 |  |  |  +- AMCLIB_BemfObsrvDQ_F16
 |  |  |  |  | 
 |  |  |  |  +- GFLIB_SinCos_F16    
 |  |  |  |  |    
 |  |  |  |  +- GFLIB_ControllerPIrAW_F16
 |  |  |  |  |    
 |  |  |  |  +- GFLIB_Atan_F16      
 |  |  |  |       
 |  |  |  +- AMCLIB_TrackObsrv_F16
 |  |  |  |    
 |  |  |  +- GDFLIB_FilterMA_F16  (see above)
 |  |  |  |  
 |  |  |  +- automaticMode       
 |  |  |  |    
 |  |  |  +- AMCLIB_BemfObsrvDQInit_F16 (see above)
 |  |  |  |  
 |  |  |  +- focSlowLoop         
 |  |  |  |  | 
 |  |  |  |  +- GFLIB_Ramp_F32      
 |  |  |  |  |    
 |  |  |  |  +- GDFLIB_FilterMA_F16  (see above)
 |  |  |  |  |  
 |  |  |  |  +- GFLIB_ControllerPIpAW_F16
 |  |  |  |       
 |  |  |  +- focFastLoop         
 |  |  |  |  | 
 |  |  |  |  +- GMCLIB_Clark_F16    
 |  |  |  |  |    
 |  |  |  |  +- GMCLIB_Park_F16     
 |  |  |  |  |    
 |  |  |  |  +- GFLIB_Limit_F16     
 |  |  |  |  |    
 |  |  |  |  +- GFLIB_Sqrt_F16      
 |  |  |  |  |    
 |  |  |  |  +- GFLIB_ControllerPIrAW_F16 (see above)
 |  |  |  |  |  
 |  |  |  |  +- GMCLIB_ParkInv_F16   (see above)
 |  |  |  |  |  
 |  |  |  |  +- GMCLIB_ElimDcBusRip_F16
 |  |  |  |  |    
 |  |  |  |  +- GMCLIB_SvmStd_F16    (see above)
 |  |  |  |  |  
 |  |  |  |  +- GFLIB_Sin_F16        (see above)
 |  |  |  |  |  
 |  |  |  |  +- GFLIB_Cos_F16        (see above)
 |  |  |  |     
 |  |  |  +- SetDutycycle         (see above)
 |  |  |     
 |  |  +- stateReset          
 |  |  |  | 
 |  |  |  +- DisableOutput        (see above)
 |  |  |  |  
 |  |  |  +- GDFLIB_FilterIIR1Init_F16 (see above)
 |  |  |  |  
 |  |  |  +- AMCLIB_BemfObsrvDQInit_F16 (see above)
 |  |  |  |  
 |  |  |  +- AMCLIB_TrackObsrvInit_F16 (see above)
 |  |  |  |  
 |  |  |  +- GDFLIB_FilterMAInit_F16 (see above)
 |  |  |     
 |  |  +- stateCheckM         
 |  |  |  | 
 |  |  |  +- AppBrakeToAlignment 
 |  |  |       
 |  |  +- stateBrake          
 |  |       
 |  +- FMSTR_Recorder      
 |     | 
 |     +- FMSTR_Recorder2     
 |        | 
 |        +- FMSTR_TriggerRec     (see above)
 |        |  
 |        +- FMSTR_CopyMemory    
 |             
 +- ADC1done_ISR        
 |    
 +- ADC1error_ISR       
 |    
 +- ADC0done_ISR        
 |    
 +- ADC0error_ISR       
 |    
 +- _Startup             (see above)
    
*********************************************************************************************
STATISTIC SECTION
---------------------------------------------------------------------------------------------

ExeFile:
--------
Number of blocks to be downloaded: 5
Total size of all blocks to be downloaded: 14931

